Component: Arm Compiler for Embedded 6.22 Tool: armlink [5ee90200]

==============================================================================

Section Cross References

    startup_stm32f103xb.o(STACK) refers (Special) to heapauxi.o(.text) for __use_two_region_memory
    startup_stm32f103xb.o(HEAP) refers (Special) to heapauxi.o(.text) for __use_two_region_memory
    startup_stm32f103xb.o(RESET) refers (Special) to heapauxi.o(.text) for __use_two_region_memory
    startup_stm32f103xb.o(RESET) refers to startup_stm32f103xb.o(STACK) for __initial_sp
    startup_stm32f103xb.o(RESET) refers to startup_stm32f103xb.o(.text) for Reset_Handler
    startup_stm32f103xb.o(RESET) refers to stm32f1xx_it.o(.text.NMI_Handler) for NMI_Handler
    startup_stm32f103xb.o(RESET) refers to stm32f1xx_it.o(.text.HardFault_Handler) for HardFault_Handler
    startup_stm32f103xb.o(RESET) refers to stm32f1xx_it.o(.text.MemManage_Handler) for MemManage_Handler
    startup_stm32f103xb.o(RESET) refers to stm32f1xx_it.o(.text.BusFault_Handler) for BusFault_Handler
    startup_stm32f103xb.o(RESET) refers to stm32f1xx_it.o(.text.UsageFault_Handler) for UsageFault_Handler
    startup_stm32f103xb.o(RESET) refers to stm32f1xx_it.o(.text.SVC_Handler) for SVC_Handler
    startup_stm32f103xb.o(RESET) refers to stm32f1xx_it.o(.text.DebugMon_Handler) for DebugMon_Handler
    startup_stm32f103xb.o(RESET) refers to stm32f1xx_it.o(.text.PendSV_Handler) for PendSV_Handler
    startup_stm32f103xb.o(RESET) refers to stm32f1xx_it.o(.text.SysTick_Handler) for SysTick_Handler
    startup_stm32f103xb.o(RESET) refers to main.o(.text.EXTI9_5_IRQHandler) for EXTI9_5_IRQHandler
    startup_stm32f103xb.o(RESET) refers to main.o(.text.EXTI15_10_IRQHandler) for EXTI15_10_IRQHandler
    startup_stm32f103xb.o(.text) refers (Special) to heapauxi.o(.text) for __use_two_region_memory
    startup_stm32f103xb.o(.text) refers to system_stm32f1xx.o(.text.SystemInit) for SystemInit
    startup_stm32f103xb.o(.text) refers to __main.o(!!!main) for __main
    startup_stm32f103xb.o(.text) refers to startup_stm32f103xb.o(HEAP) for Heap_Mem
    startup_stm32f103xb.o(.text) refers to startup_stm32f103xb.o(STACK) for Stack_Mem
    rc522.o(.text.RC522_SPI_Transfer) refers to main.o(.bss.hspi1) for hspi1
    rc522.o(.text.RC522_SPI_Transfer) refers to stm32f1xx_hal_spi.o(.text.HAL_SPI_TransmitReceive) for HAL_SPI_TransmitReceive
    rc522.o(.ARM.exidx.text.RC522_SPI_Transfer) refers to rc522.o(.text.RC522_SPI_Transfer) for [Anonymous Symbol]
    rc522.o(.text.Write_MFRC522) refers to stm32f1xx_hal_gpio.o(.text.HAL_GPIO_WritePin) for HAL_GPIO_WritePin
    rc522.o(.text.Write_MFRC522) refers to main.o(.bss.hspi1) for hspi1
    rc522.o(.text.Write_MFRC522) refers to stm32f1xx_hal_spi.o(.text.HAL_SPI_TransmitReceive) for HAL_SPI_TransmitReceive
    rc522.o(.ARM.exidx.text.Write_MFRC522) refers to rc522.o(.text.Write_MFRC522) for [Anonymous Symbol]
    rc522.o(.text.Read_MFRC522) refers to stm32f1xx_hal_gpio.o(.text.HAL_GPIO_WritePin) for HAL_GPIO_WritePin
    rc522.o(.text.Read_MFRC522) refers to main.o(.bss.hspi1) for hspi1
    rc522.o(.text.Read_MFRC522) refers to stm32f1xx_hal_spi.o(.text.HAL_SPI_TransmitReceive) for HAL_SPI_TransmitReceive
    rc522.o(.ARM.exidx.text.Read_MFRC522) refers to rc522.o(.text.Read_MFRC522) for [Anonymous Symbol]
    rc522.o(.text.SetBitMask) refers to stm32f1xx_hal_gpio.o(.text.HAL_GPIO_WritePin) for HAL_GPIO_WritePin
    rc522.o(.text.SetBitMask) refers to main.o(.bss.hspi1) for hspi1
    rc522.o(.text.SetBitMask) refers to stm32f1xx_hal_spi.o(.text.HAL_SPI_TransmitReceive) for HAL_SPI_TransmitReceive
    rc522.o(.ARM.exidx.text.SetBitMask) refers to rc522.o(.text.SetBitMask) for [Anonymous Symbol]
    rc522.o(.text.ClearBitMask) refers to stm32f1xx_hal_gpio.o(.text.HAL_GPIO_WritePin) for HAL_GPIO_WritePin
    rc522.o(.text.ClearBitMask) refers to main.o(.bss.hspi1) for hspi1
    rc522.o(.text.ClearBitMask) refers to stm32f1xx_hal_spi.o(.text.HAL_SPI_TransmitReceive) for HAL_SPI_TransmitReceive
    rc522.o(.ARM.exidx.text.ClearBitMask) refers to rc522.o(.text.ClearBitMask) for [Anonymous Symbol]
    rc522.o(.text.AntennaOn) refers to stm32f1xx_hal_gpio.o(.text.HAL_GPIO_WritePin) for HAL_GPIO_WritePin
    rc522.o(.text.AntennaOn) refers to main.o(.bss.hspi1) for hspi1
    rc522.o(.text.AntennaOn) refers to stm32f1xx_hal_spi.o(.text.HAL_SPI_TransmitReceive) for HAL_SPI_TransmitReceive
    rc522.o(.text.AntennaOn) refers to rc522.o(.text.SetBitMask) for SetBitMask
    rc522.o(.ARM.exidx.text.AntennaOn) refers to rc522.o(.text.AntennaOn) for [Anonymous Symbol]
    rc522.o(.text.AntennaOff) refers to rc522.o(.text.ClearBitMask) for ClearBitMask
    rc522.o(.ARM.exidx.text.AntennaOff) refers to rc522.o(.text.AntennaOff) for [Anonymous Symbol]
    rc522.o(.text.MFRC522_Reset) refers to stm32f1xx_hal_gpio.o(.text.HAL_GPIO_WritePin) for HAL_GPIO_WritePin
    rc522.o(.text.MFRC522_Reset) refers to main.o(.bss.hspi1) for hspi1
[...]
    ../clib/printf.c                         0x00000000   Number         0  __printf_flags_ss_wp.o ABSOLUTE
    ../clib/printf.c                         0x00000000   Number         0  _printf_intcommon.o ABSOLUTE
    ../clib/printf.c                         0x00000000   Number         0  _printf_char_common.o ABSOLUTE
    ../clib/printf.c                         0x00000000   Number         0  _sputc.o ABSOLUTE
    ../clib/printf.c                         0x00000000   Number         0  _printf_char.o ABSOLUTE
    ../clib/printf.c                         0x00000000   Number         0  __printf_nopercent.o ABSOLUTE
    ../clib/printf_percent.s                 0x00000000   Number         0  _printf_c.o ABSOLUTE
    ../clib/printf_percent.s                 0x00000000   Number         0  _printf_s.o ABSOLUTE
    ../clib/printf_percent.s                 0x00000000   Number         0  _printf_d.o ABSOLUTE
    ../clib/printf_percent.s                 0x00000000   Number         0  _printf_percent.o ABSOLUTE
    ../clib/printf_percent.s                 0x00000000   Number         0  _printf_percent_end.o ABSOLUTE
    ../clib/signal.c                         0x00000000   Number         0  defsig_rtmem_outer.o ABSOLUTE
    ../clib/signal.c                         0x00000000   Number         0  defsig_rtmem_formal.o ABSOLUTE
    ../clib/signal.c                         0x00000000   Number         0  defsig_exit.o ABSOLUTE
    ../clib/signal.c                         0x00000000   Number         0  defsig_rtmem_inner.o ABSOLUTE
    ../clib/signal.c                         0x00000000   Number         0  __raise.o ABSOLUTE
    ../clib/signal.c                         0x00000000   Number         0  defsig_general.o ABSOLUTE
    ../clib/signal.c                         0x00000000   Number         0  defsig_abrt_inner.o ABSOLUTE
    ../clib/signal.c                         0x00000000   Number         0  defsig_fpe_inner.o ABSOLUTE
    ../clib/signal.c                         0x00000000   Number         0  defsig_rtred_inner.o ABSOLUTE
    ../clib/signal.c                         0x00000000   Number         0  defsig_stak_inner.o ABSOLUTE
    ../clib/signal.c                         0x00000000   Number         0  defsig_pvfn_inner.o ABSOLUTE
    ../clib/signal.c                         0x00000000   Number         0  defsig_cppl_inner.o ABSOLUTE
    ../clib/signal.c                         0x00000000   Number         0  defsig_segv_inner.o ABSOLUTE
    ../clib/signal.c                         0x00000000   Number         0  defsig_other.o ABSOLUTE
    ../clib/signal.s                         0x00000000   Number         0  defsig.o ABSOLUTE
    ../clib/stdlib.c                         0x00000000   Number         0  exit.o ABSOLUTE
    ../clib/string.c                         0x00000000   Number         0  strstr.o ABSOLUTE
    ../clib/string.c                         0x00000000   Number         0  strlen.o ABSOLUTE
    ../fplib/fpinit.s                        0x00000000   Number         0  fpinit.o ABSOLUTE
    ../fplib/fpinit_empty.s                  0x00000000   Number         0  fpinit_empty.o ABSOLUTE
    dc.s                                     0x00000000   Number         0  dc.o ABSOLUTE
    main.c                                   0x00000000   Number         0  main.o ABSOLUTE
    rc522.c                                  0x00000000   Number         0  rc522.o ABSOLUTE
    startup_stm32f103xb.s                    0x00000000   Number         0  startup_stm32f103xb.o ABSOLUTE
    stm32f1xx_hal.c                          0x00000000   Number         0  stm32f1xx_hal.o ABSOLUTE
    stm32f1xx_hal_adc.c                      0x00000000   Number         0  stm32f1xx_hal_adc.o ABSOLUTE
    stm32f1xx_hal_adc_ex.c                   0x00000000   Number         0  stm32f1xx_hal_adc_ex.o ABSOLUTE
    stm32f1xx_hal_cortex.c                   0x00000000   Number         0  stm32f1xx_hal_cortex.o ABSOLUTE
    stm32f1xx_hal_dma.c                      0x00000000   Number         0  stm32f1xx_hal_dma.o ABSOLUTE
    stm32f1xx_hal_exti.c                     0x00000000   Number         0  stm32f1xx_hal_exti.o ABSOLUTE
    stm32f1xx_hal_flash.c                    0x00000000   Number         0  stm32f1xx_hal_flash.o ABSOLUTE
    stm32f1xx_hal_flash_ex.c                 0x00000000   Number         0  stm32f1xx_hal_flash_ex.o ABSOLUTE
    stm32f1xx_hal_gpio.c                     0x00000000   Number         0  stm32f1xx_hal_gpio.o ABSOLUTE
    stm32f1xx_hal_gpio_ex.c                  0x00000000   Number         0  stm32f1xx_hal_gpio_ex.o ABSOLUTE
    stm32f1xx_hal_i2c.c                      0x00000000   Number         0  stm32f1xx_hal_i2c.o ABSOLUTE
    stm32f1xx_hal_msp.c                      0x00000000   Number         0  stm32f1xx_hal_msp.o ABSOLUTE
    stm32f1xx_hal_pwr.c                      0x00000000   Number         0  stm32f1xx_hal_pwr.o ABSOLUTE
    stm32f1xx_hal_rcc.c                      0x00000000   Number         0  stm32f1xx_hal_rcc.o ABSOLUTE
    stm32f1xx_hal_rcc_ex.c                   0x00000000   Number         0  stm32f1xx_hal_rcc_ex.o ABSOLUTE
    stm32f1xx_hal_spi.c                      0x00000000   Number         0  stm32f1xx_hal_spi.o ABSOLUTE
    stm32f1xx_hal_tim.c                      0x00000000   Number         0  stm32f1xx_hal_tim.o ABSOLUTE
    stm32f1xx_hal_tim_ex.c                   0x00000000   Number         0  stm32f1xx_hal_tim_ex.o ABSOLUTE
    stm32f1xx_hal_uart.c                     0x00000000   Number         0  stm32f1xx_hal_uart.o ABSOLUTE
    stm32f1xx_it.c                           0x00000000   Number         0  stm32f1xx_it.o ABSOLUTE
    system_stm32f1xx.c                       0x00000000   Number         0  system_stm32f1xx.o ABSOLUTE
    RESET                                    0x08000000   Section      236  startup_stm32f103xb.o(RESET)
    !!!main                                  0x080000ec   Section        8  __main.o(!!!main)
    !!!scatter                               0x080000f4   Section       92  __scatter.o(!!!scatter)
    !!handler_copy                           0x08000150   Section       26  __scatter_copy.o(!!handler_copy)
    !!handler_null                           0x0800016c   Section        2  __scatter.o(!!handler_null)
    !!handler_zi                             0x08000170   Section       28  __scatter_zi.o(!!handler_zi)
    .ARM.Collect$$_printf_percent$$00000000  0x0800018c   Section        0  _printf_percent.o(.ARM.Collect$$_printf_percent$$00000000)
    .ARM.Collect$$_printf_percent$$00000009  0x0800018c   Section        6  _printf_d.o(.ARM.Collect$$_printf_percent$$00000009)
    .ARM.Collect$$_printf_percent$$00000013  0x08000192   Section        6  _printf_c.o(.ARM.Collect$$_printf_percent$$00000013)
    .ARM.Collect$$_printf_percent$$00000014  0x08000198   Section        6  _printf_s.o(.ARM.Collect$$_printf_percent$$00000014)
    .ARM.Collect$$_printf_percent$$00000017  0x0800019e   Section        4  _printf_percent_end.o(.ARM.Collect$$_printf_percent$$00000017)
    .ARM.Collect$$libinit$$00000000          0x080001a2   Section        2  libinit.o(.ARM.Collect$$libinit$$00000000)
    .ARM.Collect$$libinit$$00000002          0x080001a4   Section        0  libinit2.o(.ARM.Collect$$libinit$$00000002)
    .ARM.Collect$$libinit$$00000004          0x080001a4   Section        0  libinit2.o(.ARM.Collect$$libinit$$00000004)
    .ARM.Collect$$libinit$$00000006          0x080001a4   Section        0  libinit2.o(.ARM.Collect$$libinit$$00000006)
    .ARM.Collect$$libinit$$0000000C          0x080001a4   Section        0  libinit2.o(.ARM.Collect$$libinit$$0000000C)
    .ARM.Collect$$libinit$$0000000E          0x080001a4   Section        0  libinit2.o(.ARM.Collect$$libinit$$0000000E)
    .ARM.Collect$$libinit$$00000010          0x080001a4   Section        0  libinit2.o(.ARM.Collect$$libinit$$00000010)
    .ARM.Collect$$libinit$$00000013          0x080001a4   Section        0  libinit2.o(.ARM.Collect$$libinit$$00000013)
    .ARM.Collect$$libinit$$00000015          0x080001a4   Section        0  libinit2.o(.ARM.Collect$$libinit$$00000015)
    .ARM.Collect$$libinit$$00000017          0x080001a4   Section        0  libinit2.o(.ARM.Collect$$libinit$$00000017)
    .ARM.Collect$$libinit$$00000019          0x080001a4   Section        0  libinit2.o(.ARM.Collect$$libinit$$00000019)
    .ARM.Collect$$libinit$$0000001B          0x080001a4   Section        0  libinit2.o(.ARM.Collect$$libinit$$0000001B)
    .ARM.Collect$$libinit$$0000001D          0x080001a4   Section        0  libinit2.o(.ARM.Collect$$libinit$$0000001D)
    .ARM.Collect$$libinit$$0000001F          0x080001a4   Section        0  libinit2.o(.ARM.Collect$$libinit$$0000001F)
    .ARM.Collect$$libinit$$00000021          0x080001a4   Section        0  libinit2.o(.ARM.Collect$$libinit$$00000021)
    .ARM.Collect$$libinit$$00000023          0x080001a4   Section        0  libinit2.o(.ARM.Collect$$libinit$$00000023)
    .ARM.Collect$$libinit$$00000025          0x080001a4   Section        0  libinit2.o(.ARM.Collect$$libinit$$00000025)
    .ARM.Collect$$libinit$$00000027          0x080001a4   Section        0  libinit2.o(.ARM.Collect$$libinit$$00000027)
    .ARM.Collect$$libinit$$0000002E          0x080001a4   Section        0  libinit2.o(.ARM.Collect$$libinit$$0000002E)
    .ARM.Collect$$libinit$$00000030          0x080001a4   Section        0  libinit2.o(.ARM.Collect$$libinit$$00000030)
    .ARM.Collect$$libinit$$00000032          0x080001a4   Section        0  libinit2.o(.ARM.Collect$$libinit$$00000032)
    .ARM.Collect$$libinit$$00000034          0x080001a4   Section        0  libinit2.o(.ARM.Collect$$libinit$$00000034)
    .ARM.Collect$$libinit$$00000035          0x080001a4   Section        2  libinit2.o(.ARM.Collect$$libinit$$00000035)
    .ARM.Collect$$libshutdown$$00000000      0x080001a6   Section        2  libshutdown.o(.ARM.Collect$$libshutdown$$00000000)
    .ARM.Collect$$libshutdown$$00000002      0x080001a8   Section        0  libshutdown2.o(.ARM.Collect$$libshutdown$$00000002)
    .ARM.Collect$$libshutdown$$00000004      0x080001a8   Section        0  libshutdown2.o(.ARM.Collect$$libshutdown$$00000004)
    .ARM.Collect$$libshutdown$$00000007      0x080001a8   Section        0  libshutdown2.o(.ARM.Collect$$libshutdown$$00000007)
    .ARM.Collect$$libshutdown$$0000000A      0x080001a8   Section        0  libshutdown2.o(.ARM.Collect$$libshutdown$$0000000A)
    .ARM.Collect$$libshutdown$$0000000C      0x080001a8   Section        0  libshutdown2.o(.ARM.Collect$$libshutdown$$0000000C)
    .ARM.Collect$$libshutdown$$0000000F      0x080001a8   Section        0  libshutdown2.o(.ARM.Collect$$libshutdown$$0000000F)
    .ARM.Collect$$libshutdown$$00000010      0x080001a8   Section        2  libshutdown2.o(.ARM.Collect$$libshutdown$$00000010)
    .ARM.Collect$$rtentry$$00000000          0x080001aa   Section        0  __rtentry.o(.ARM.Collect$$rtentry$$00000000)
    .ARM.Collect$$rtentry$$00000002          0x080001aa   Section        0  __rtentry2.o(.ARM.Collect$$rtentry$$00000002)
    .ARM.Collect$$rtentry$$00000004          0x080001aa   Section        6  __rtentry4.o(.ARM.Collect$$rtentry$$00000004)
    .ARM.Collect$$rtentry$$00000009          0x080001b0   Section        0  __rtentry2.o(.ARM.Collect$$rtentry$$00000009)
    .ARM.Collect$$rtentry$$0000000A          0x080001b0   Section        4  __rtentry2.o(.ARM.Collect$$rtentry$$0000000A)
    .ARM.Collect$$rtentry$$0000000C          0x080001b4   Section        0  __rtentry2.o(.ARM.Collect$$rtentry$$0000000C)
    .ARM.Collect$$rtentry$$0000000D          0x080001b4   Section        8  __rtentry2.o(.ARM.Collect$$rtentry$$0000000D)
    .ARM.Collect$$rtexit$$00000000           0x080001bc   Section        2  rtexit.o(.ARM.Collect$$rtexit$$00000000)
    .ARM.Collect$$rtexit$$00000002           0x080001be   Section        0  rtexit2.o(.ARM.Collect$$rtexit$$00000002)
    .ARM.Collect$$rtexit$$00000003           0x080001be   Section        4  rtexit2.o(.ARM.Collect$$rtexit$$00000003)
    .ARM.Collect$$rtexit$$00000004           0x080001c2   Section        6  rtexit2.o(.ARM.Collect$$rtexit$$00000004)
    .text                                    0x080001c8   Section       64  startup_stm32f103xb.o(.text)
    .text                                    0x08000208   Section        0  noretval__2sprintf.o(.text)
    .text                                    0x08000230   Section        0  __printf.o(.text)
    .text                                    0x08000298   Section        0  _printf_str.o(.text)
    .text                                    0x080002ec   Section        0  _printf_dec.o(.text)
    .text                                    0x08000364   Section        0  strstr.o(.text)
    .text                                    0x08000388   Section        0  strlen.o(.text)
    .text                                    0x080003c6   Section       78  rt_memclr_w.o(.text)
    .text                                    0x08000414   Section      128  strcmpv7m.o(.text)
    .text                                    0x08000494   Section        0  heapauxi.o(.text)
    .text                                    0x0800049a   Section        0  _printf_intcommon.o(.text)
    _printf_input_char                       0x0800054d   Thumb Code    10  _printf_char_common.o(.text)
    .text                                    0x0800054c   Section        0  _printf_char_common.o(.text)
    .text                                    0x0800057c   Section        0  _sputc.o(.text)
    .text                                    0x08000586   Section        0  _printf_char.o(.text)
    .text                                    0x080005b2   Section       74  sys_stackheap_outer.o(.text)
    .text                                    0x080005fc   Section        0  exit.o(.text)
    .text                                    0x08000610   Section        8  libspace.o(.text)
    .text                                    0x08000618   Section        0  sys_exit.o(.text)
    .text                                    0x08000624   Section        2  use_no_semi.o(.text)
    .text                                    0x08000626   Section        0  indicate_semi.o(.text)
    [Anonymous Symbol]                       0x08000628   Section        0  stm32f1xx_it.o(.text.BusFault_Handler)
    [Anonymous Symbol]                       0x0800062c   Section        0  rc522.o(.text.CalulateCRC)
    [Anonymous Symbol]                       0x08000800   Section        0  rc522.o(.text.ClearBitMask)
    [Anonymous Symbol]                       0x080008b8   Section        0  stm32f1xx_it.o(.text.DebugMon_Handler)
    [Anonymous Symbol]                       0x080008bc   Section        0  main.o(.text.EEPROM_DeleteCardByIndex)
    [Anonymous Symbol]                       0x080009c0   Section        0  main.o(.text.EEPROM_ReadCardByIndex)
    [Anonymous Symbol]                       0x080009f4   Section        0  main.o(.text.EEPROM_SaveNewCard)
    [Anonymous Symbol]                       0x08000ae4   Section        0  main.o(.text.EXTI15_10_IRQHandler)
    [Anonymous Symbol]                       0x08000af8   Section        0  main.o(.text.EXTI9_5_IRQHandler)
    [Anonymous Symbol]                       0x08000b1c   Section        0  stm32f1xx_hal_adc.o(.text.HAL_ADC_ConfigChannel)
    [Anonymous Symbol]                       0x08000c94   Section        0  stm32f1xx_hal_adc.o(.text.HAL_ADC_Init)
    [Anonymous Symbol]                       0x08000dec   Section        0  stm32f1xx_hal_msp.o(.text.HAL_ADC_MspInit)
    [Anonymous Symbol]                       0x08000e54   Section        0  stm32f1xx_hal.o(.text.HAL_Delay)
    [Anonymous Symbol]                       0x08000e7c   Section        0  main.o(.text.HAL_GPIO_EXTI_Callback)
    [Anonymous Symbol]                       0x08001178   Section        0  stm32f1xx_hal_gpio.o(.text.HAL_GPIO_EXTI_IRQHandler)
    [Anonymous Symbol]                       0x08001190   Section        0  stm32f1xx_hal_gpio.o(.text.HAL_GPIO_Init)
    [Anonymous Symbol]                       0x080013a0   Section        0  stm32f1xx_hal_gpio.o(.text.HAL_GPIO_ReadPin)
    [Anonymous Symbol]                       0x080013ac   Section        0  stm32f1xx_hal_gpio.o(.text.HAL_GPIO_TogglePin)
    [Anonymous Symbol]                       0x080013bc   Section        0  stm32f1xx_hal_gpio.o(.text.HAL_GPIO_WritePin)
    [Anonymous Symbol]                       0x080013c8   Section        0  stm32f1xx_hal.o(.text.HAL_GetTick)
    [Anonymous Symbol]                       0x080013d4   Section        0  stm32f1xx_hal_i2c.o(.text.HAL_I2C_Init)
    [Anonymous Symbol]                       0x08001538   Section        0  stm32f1xx_hal_i2c.o(.text.HAL_I2C_Master_Transmit)
    [Anonymous Symbol]                       0x08001714   Section        0  stm32f1xx_hal_i2c.o(.text.HAL_I2C_Mem_Read)
    [Anonymous Symbol]                       0x08001a64   Section        0  stm32f1xx_hal_i2c.o(.text.HAL_I2C_Mem_Write)
    [Anonymous Symbol]                       0x08001bc0   Section        0  stm32f1xx_hal_msp.o(.text.HAL_I2C_MspInit)
    [Anonymous Symbol]                       0x08001c2c   Section        0  stm32f1xx_hal.o(.text.HAL_IncTick)
    [Anonymous Symbol]                       0x08001c48   Section        0  stm32f1xx_hal.o(.text.HAL_Init)
    [Anonymous Symbol]                       0x08001c70   Section        0  stm32f1xx_hal.o(.text.HAL_InitTick)
    [Anonymous Symbol]                       0x08001cb8   Section        0  stm32f1xx_hal_msp.o(.text.HAL_MspInit)
    [Anonymous Symbol]                       0x08001cfc   Section        0  stm32f1xx_hal_cortex.o(.text.HAL_NVIC_EnableIRQ)
    [Anonymous Symbol]                       0x08001d20   Section        0  stm32f1xx_hal_cortex.o(.text.HAL_NVIC_SetPriority)
    [Anonymous Symbol]                       0x08001d78   Section        0  stm32f1xx_hal_cortex.o(.text.HAL_NVIC_SetPriorityGrouping)
    [Anonymous Symbol]                       0x08001d98   Section        0  stm32f1xx_hal_rcc_ex.o(.text.HAL_RCCEx_PeriphCLKConfig)
    [Anonymous Symbol]                       0x08001e9c   Section        0  stm32f1xx_hal_rcc.o(.text.HAL_RCC_ClockConfig)
    [Anonymous Symbol]                       0x08002058   Section        0  stm32f1xx_hal_rcc.o(.text.HAL_RCC_GetPCLK1Freq)
    [Anonymous Symbol]                       0x08002080   Section        0  stm32f1xx_hal_rcc.o(.text.HAL_RCC_GetPCLK2Freq)
    [Anonymous Symbol]                       0x080020a8   Section        0  stm32f1xx_hal_rcc.o(.text.HAL_RCC_OscConfig)
    [Anonymous Symbol]                       0x080024a8   Section        0  stm32f1xx_hal_spi.o(.text.HAL_SPI_Init)
    [Anonymous Symbol]                       0x08002550   Section        0  stm32f1xx_hal_msp.o(.text.HAL_SPI_MspInit)
    [Anonymous Symbol]                       0x080025cc   Section        0  stm32f1xx_hal_spi.o(.text.HAL_SPI_TransmitReceive)
    [Anonymous Symbol]                       0x080028a0   Section        0  stm32f1xx_hal_cortex.o(.text.HAL_SYSTICK_Config)
    [Anonymous Symbol]                       0x080028cc   Section        0  stm32f1xx_hal_tim_ex.o(.text.HAL_TIMEx_ConfigBreakDeadTime)
    [Anonymous Symbol]                       0x08002918   Section        0  stm32f1xx_hal_tim_ex.o(.text.HAL_TIMEx_MasterConfigSynchronization)
    [Anonymous Symbol]                       0x08002998   Section        0  stm32f1xx_hal_tim.o(.text.HAL_TIM_Base_Init)
    [Anonymous Symbol]                       0x08002a94   Section        0  stm32f1xx_hal_msp.o(.text.HAL_TIM_Base_MspInit)
    [Anonymous Symbol]                       0x08002ac4   Section        0  stm32f1xx_hal_tim.o(.text.HAL_TIM_ConfigClockSource)
    [Anonymous Symbol]                       0x08002c64   Section        0  stm32f1xx_hal_msp.o(.text.HAL_TIM_MspPostInit)
    [Anonymous Symbol]                       0x08002cbc   Section        0  stm32f1xx_hal_tim.o(.text.HAL_TIM_PWM_ConfigChannel)
    [Anonymous Symbol]                       0x08002ec0   Section        0  stm32f1xx_hal_tim.o(.text.HAL_TIM_PWM_Init)
    [Anonymous Symbol]                       0x08002fbc   Section        0  stm32f1xx_hal_tim.o(.text.HAL_TIM_PWM_MspInit)
    [Anonymous Symbol]                       0x08002fc0   Section        0  stm32f1xx_hal_tim.o(.text.HAL_TIM_PWM_Start)
    [Anonymous Symbol]                       0x0800309c   Section        0  stm32f1xx_hal_uart.o(.text.HAL_UART_Init)
    [Anonymous Symbol]                       0x08003180   Section        0  stm32f1xx_hal_msp.o(.text.HAL_UART_MspInit)
    [Anonymous Symbol]                       0x08003240   Section        0  stm32f1xx_hal_uart.o(.text.HAL_UART_Receive)
    [Anonymous Symbol]                       0x08003470   Section        0  stm32f1xx_hal_uart.o(.text.HAL_UART_Transmit)
    [Anonymous Symbol]                       0x08003604   Section        0  stm32f1xx_it.o(.text.HardFault_Handler)
    I2C_RequestMemoryRead                    0x08003609   Thumb Code   274  stm32f1xx_hal_i2c.o(.text.I2C_RequestMemoryRead)
    [Anonymous Symbol]                       0x08003608   Section        0  stm32f1xx_hal_i2c.o(.text.I2C_RequestMemoryRead)
    I2C_RequestMemoryWrite                   0x0800371d   Thumb Code   200  stm32f1xx_hal_i2c.o(.text.I2C_RequestMemoryWrite)
    [Anonymous Symbol]                       0x0800371c   Section        0  stm32f1xx_hal_i2c.o(.text.I2C_RequestMemoryWrite)
    I2C_WaitOnBTFFlagUntilTimeout            0x080037e5   Thumb Code   186  stm32f1xx_hal_i2c.o(.text.I2C_WaitOnBTFFlagUntilTimeout)
    [Anonymous Symbol]                       0x080037e4   Section        0  stm32f1xx_hal_i2c.o(.text.I2C_WaitOnBTFFlagUntilTimeout)
    I2C_WaitOnFlagUntilTimeout               0x080038a1   Thumb Code   458  stm32f1xx_hal_i2c.o(.text.I2C_WaitOnFlagUntilTimeout)
    [Anonymous Symbol]                       0x080038a0   Section        0  stm32f1xx_hal_i2c.o(.text.I2C_WaitOnFlagUntilTimeout)
    I2C_WaitOnMasterAddressFlagUntilTimeout  0x08003a6d   Thumb Code   214  stm32f1xx_hal_i2c.o(.text.I2C_WaitOnMasterAddressFlagUntilTimeout)
    [Anonymous Symbol]                       0x08003a6c   Section        0  stm32f1xx_hal_i2c.o(.text.I2C_WaitOnMasterAddressFlagUntilTimeout)
    I2C_WaitOnRXNEFlagUntilTimeout           0x08003b45   Thumb Code   144  stm32f1xx_hal_i2c.o(.text.I2C_WaitOnRXNEFlagUntilTimeout)
    [Anonymous Symbol]                       0x08003b44   Section        0  stm32f1xx_hal_i2c.o(.text.I2C_WaitOnRXNEFlagUntilTimeout)
    I2C_WaitOnTXEFlagUntilTimeout            0x08003bd5   Thumb Code   186  stm32f1xx_hal_i2c.o(.text.I2C_WaitOnTXEFlagUntilTimeout)
    [Anonymous Symbol]                       0x08003bd4   Section        0  stm32f1xx_hal_i2c.o(.text.I2C_WaitOnTXEFlagUntilTimeout)
    [Anonymous Symbol]                       0x08003c90   Section        0  main.o(.text.LCD_Print_1Line)
    [Anonymous Symbol]                       0x08003dac   Section        0  main.o(.text.Lcd_Ghi_Chuoi)
    [Anonymous Symbol]                       0x08003e10   Section        0  main.o(.text.Lcd_Ghi_Lenh)
    [Anonymous Symbol]                       0x08003e5c   Section        0  main.o(.text.Lcd_init)
    [Anonymous Symbol]                       0x08003f48   Section        0  rc522.o(.text.MFRC522_Anticoll)
    [Anonymous Symbol]                       0x08003fe4   Section        0  rc522.o(.text.MFRC522_Auth)
    [Anonymous Symbol]                       0x08004084   Section        0  rc522.o(.text.MFRC522_Halt)
    [Anonymous Symbol]                       0x080040b4   Section        0  rc522.o(.text.MFRC522_Init)
    [Anonymous Symbol]                       0x0800430c   Section        0  rc522.o(.text.MFRC522_Request)
    [Anonymous Symbol]                       0x08004394   Section        0  rc522.o(.text.MFRC522_SelectTag)
    [Anonymous Symbol]                       0x080043e8   Section        0  rc522.o(.text.MFRC522_ToCard)
    [Anonymous Symbol]                       0x08004794   Section        0  rc522.o(.text.MFRC522_Write)
    [Anonymous Symbol]                       0x08004824   Section        0  stm32f1xx_it.o(.text.MemManage_Handler)
    [Anonymous Symbol]                       0x08004828   Section        0  stm32f1xx_it.o(.text.NMI_Handler)
    [Anonymous Symbol]                       0x0800482c   Section        0  stm32f1xx_it.o(.text.PendSV_Handler)
    [Anonymous Symbol]                       0x08004830   Section        0  main.o(.text.RFID_addCard)
    [Anonymous Symbol]                       0x08004a24   Section        0  main.o(.text.RFID_checkDoor)
    [Anonymous Symbol]                       0x08004ed8   Section        0  main.o(.text.RFID_deleteCard)
    SPI_WaitFlagStateUntilTimeout            0x08005271   Thumb Code   288  stm32f1xx_hal_spi.o(.text.SPI_WaitFlagStateUntilTimeout)
    [Anonymous Symbol]                       0x08005270   Section        0  stm32f1xx_hal_spi.o(.text.SPI_WaitFlagStateUntilTimeout)
    [Anonymous Symbol]                       0x08005390   Section        0  stm32f1xx_it.o(.text.SVC_Handler)
    [Anonymous Symbol]                       0x08005394   Section        0  rc522.o(.text.SetBitMask)
    [Anonymous Symbol]                       0x0800544c   Section        0  stm32f1xx_it.o(.text.SysTick_Handler)
    [Anonymous Symbol]                       0x08005450   Section        0  system_stm32f1xx.o(.text.SystemInit)
    [Anonymous Symbol]                       0x08005454   Section        0  stm32f1xx_it.o(.text.UsageFault_Handler)
    [Anonymous Symbol]                       0x08005458   Section        0  main.o(.text.blinkBuzz)
    [Anonymous Symbol]                       0x0800549c   Section        0  main.o(.text.changePassword)
    [Anonymous Symbol]                       0x08005510   Section        0  main.o(.text.checkkey)
    [Anonymous Symbol]                       0x08005bc8   Section        0  main.o(.text.doorCloseSlow)
    [Anonymous Symbol]                       0x08005c98   Section        0  main.o(.text.doorOpenSlow)
    [Anonymous Symbol]                       0x08005d68   Section        0  main.o(.text.get4G)
    [Anonymous Symbol]                       0x08005ec8   Section        0  main.o(.text.main)
    [Anonymous Symbol]                       0x08006a54   Section        0  main.o(.text.openTheDoor)
    [Anonymous Symbol]                       0x08006acc   Section        0  main.o(.text.send4G)
    [Anonymous Symbol]                       0x08006c7c   Section        0  main.o(.text.sendAT_Wait)
    [Anonymous Symbol]                       0x08006d08   Section        0  main.o(.text.showCard)
    [Anonymous Symbol]                       0x08006dd0   Section        0  main.o(.text.showError)
    HAL_RCC_GetSysClockFreq.aPredivFactorTable 0x08006ed8   Data           2  stm32f1xx_hal_rcc.o(.rodata.HAL_RCC_GetSysClockFreq.aPredivFactorTable)
    [Anonymous Symbol]                       0x08006ed8   Section        0  stm32f1xx_hal_rcc.o(.rodata.HAL_RCC_GetSysClockFreq.aPredivFactorTable)
    HAL_RCC_GetSysClockFreq.aPLLMULFactorTable 0x08006eda   Data          16  stm32f1xx_hal_rcc.o(.rodata.cst16)
    [Anonymous Symbol]                       0x08006eda   Section        0  stm32f1xx_hal_rcc.o(.rodata.cst16)
    .L.str.26                                0x08006eea   Data          22  main.o(.rodata.str1.1)
    [Anonymous Symbol]                       0x08006eea   Section        0  main.o(.rodata.str1.1)
    .L.str.23                                0x08006f00   Data          24  main.o(.rodata.str1.1)
    .L.str.11                                0x08006f18   Data          60  main.o(.rodata.str1.1)
    .L.str.10                                0x08006f54   Data          69  main.o(.rodata.str1.1)
    .L.str.7                                 0x08006f99   Data          33  main.o(.rodata.str1.1)
    .L.str.17                                0x08006fba   Data          68  main.o(.rodata.str1.1)
    .L.str.8                                 0x08006ffe   Data          15  main.o(.rodata.str1.1)
    .L.str.5                                 0x0800700d   Data          13  main.o(.rodata.str1.1)
    .L.str.16                                0x0800701a   Data          14  main.o(.rodata.str1.1)
    .L.str.9                                 0x08007028   Data          14  main.o(.rodata.str1.1)
    .L.str.3                                 0x08007036   Data          21  main.o(.rodata.str1.1)
    .L.str.31                                0x0800704b   Data          20  main.o(.rodata.str1.1)
    .L.str.45                                0x0800705f   Data          23  main.o(.rodata.str1.1)
    .L.str.37                                0x08007076   Data          17  main.o(.rodata.str1.1)
    .L.str                                   0x08007087   Data          17  main.o(.rodata.str1.1)
    .L.str.6                                 0x08007098   Data           3  main.o(.rodata.str1.1)
    .L_MergedGlobals                         0x20000000   Data          20  main.o(.data..L_MergedGlobals)
    [Anonymous Symbol]                       0x20000000   Section        0  main.o(.data..L_MergedGlobals)
    .L_MergedGlobals                         0x20000014   Data           8  stm32f1xx_hal.o(.data..L_MergedGlobals)
    [Anonymous Symbol]                       0x20000014   Section        0  stm32f1xx_hal.o(.data..L_MergedGlobals)
    .bss                                     0x20000020   Section       96  libspace.o(.bss)
    .L_MergedGlobals.52                      0x20000080   Data         109  main.o(.bss..L_MergedGlobals.52)
    [Anonymous Symbol]                       0x20000080   Section        0  main.o(.bss..L_MergedGlobals.52)
    .L_MergedGlobals.53                      0x200000f0   Data         118  main.o(.bss..L_MergedGlobals.53)
    [Anonymous Symbol]                       0x200000f0   Section        0  main.o(.bss..L_MergedGlobals.53)
    Heap_Mem                                 0x200002f0   Data         512  startup_stm32f103xb.o(HEAP)
    HEAP                                     0x200002f0   Section      512  startup_stm32f103xb.o(HEAP)
    Stack_Mem                                0x200004f0   Data        1024  startup_stm32f103xb.o(STACK)
    STACK                                    0x200004f0   Section     1024  startup_stm32f103xb.o(STACK)
    __initial_sp                             0x200008f0   Data           0  startup_stm32f103xb.o(STACK)

    Global Symbols

    Symbol Name                              Value     Ov Type        Size  Object(Section)

    BuildAttributes$$THM_ISAv4$P$D$K$B$S$PE$A:L22UL41UL21$X:L11$S22US41US21$IEEE1$IW$~IW$USESV6$~STKCKD$USESV7$~SHL$OTIME$ROPI$EBA8$UX$STANDARDLIB$REQ8$PRES8$EABIv2 0x00000000   Number         0  anon$$obj.o ABSOLUTE
    __fp_init_empty                          0x00000000   Number         0  fpinit_empty.o ABSOLUTE
    __ARM_exceptions_init                     - Undefined Weak Reference
    __alloca_initialize                       - Undefined Weak Reference
    __arm_preinit_                            - Undefined Weak Reference
    __arm_relocate_pie_                       - Undefined Weak Reference
    __cpp_initialize__aeabi_                  - Undefined Weak Reference
    __cxa_finalize                            - Undefined Weak Reference
    __rt_locale                               - Undefined Weak Reference
    __sigvec_lookup                           - Undefined Weak Reference
    _atexit_init                              - Undefined Weak Reference
    _call_atexit_fns                          - Undefined Weak Reference
    _clock_init                               - Undefined Weak Reference
    _fp_trap_init                             - Undefined Weak Reference
    _fp_trap_shutdown                         - Undefined Weak Reference
    _get_lc_collate                           - Undefined Weak Reference
    _get_lc_ctype                             - Undefined Weak Reference
    _get_lc_monetary                          - Undefined Weak Reference
    _get_lc_numeric                           - Undefined Weak Reference
    _get_lc_time                              - Undefined Weak Reference
    _getenv_init                              - Undefined Weak Reference
    _handle_redirection                       - Undefined Weak Reference
    _init_alloc                               - Undefined Weak Reference
    _init_user_alloc                          - Undefined Weak Reference
    _initio                                   - Undefined Weak Reference
    _printf_mbtowc                            - Undefined Weak Reference
    _printf_post_padding                      - Undefined Weak Reference
    _printf_pre_padding                       - Undefined Weak Reference
    _printf_truncate_signed                   - Undefined Weak Reference
    _printf_truncate_unsigned                 - Undefined Weak Reference
    _rand_init                                - Undefined Weak Reference
    _signal_finish                            - Undefined Weak Reference
    _signal_init                              - Undefined Weak Reference
    _terminate_alloc                          - Undefined Weak Reference
    _terminate_user_alloc                     - Undefined Weak Reference
    _terminateio                              - Undefined Weak Reference
    __Vectors_Size                           0x000000ec   Number         0  startup_stm32f103xb.o ABSOLUTE
    __Vectors                                0x08000000   Data           4  startup_stm32f103xb.o(RESET)
    __Vectors_End                            0x080000ec   Data           0  startup_stm32f103xb.o(RESET)
    __main                                   0x080000ed   Thumb Code     8  __main.o(!!!main)
    __scatterload                            0x080000f5   Thumb Code     0  __scatter.o(!!!scatter)
    __scatterload_rt2                        0x080000f5   Thumb Code    84  __scatter.o(!!!scatter)
    __scatterload_rt2_thumb_only             0x080000f5   Thumb Code     0  __scatter.o(!!!scatter)
    __scatterload_loop                       0x080000ff   Thumb Code     0  __scatter.o(!!!scatter)
    __scatterload_copy                       0x08000151   Thumb Code    26  __scatter_copy.o(!!handler_copy)
    __scatterload_null                       0x0800016d   Thumb Code     2  __scatter.o(!!handler_null)
    __scatterload_zeroinit                   0x08000171   Thumb Code    28  __scatter_zi.o(!!handler_zi)
    _printf_d                                0x0800018d   Thumb Code     0  _printf_d.o(.ARM.Collect$$_printf_percent$$00000009)
    _printf_percent                          0x0800018d   Thumb Code     0  _printf_percent.o(.ARM.Collect$$_printf_percent$$00000000)
    _printf_c                                0x08000193   Thumb Code     0  _printf_c.o(.ARM.Collect$$_printf_percent$$00000013)
    _printf_s                                0x08000199   Thumb Code     0  _printf_s.o(.ARM.Collect$$_printf_percent$$00000014)
    _printf_percent_end                      0x0800019f   Thumb Code     0  _printf_percent_end.o(.ARM.Collect$$_printf_percent$$00000017)
    __rt_lib_init                            0x080001a3   Thumb Code     0  libinit.o(.ARM.Collect$$libinit$$00000000)
    __rt_lib_init_alloca_1                   0x080001a5   Thumb Code     0  libinit2.o(.ARM.Collect$$libinit$$00000030)
    __rt_lib_init_argv_1                     0x080001a5   Thumb Code     0  libinit2.o(.ARM.Collect$$libinit$$0000002E)
    __rt_lib_init_atexit_1                   0x080001a5   Thumb Code     0  libinit2.o(.ARM.Collect$$libinit$$0000001D)
    __rt_lib_init_clock_1                    0x080001a5   Thumb Code     0  libinit2.o(.ARM.Collect$$libinit$$00000023)
    __rt_lib_init_cpp_1                      0x080001a5   Thumb Code     0  libinit2.o(.ARM.Collect$$libinit$$00000034)
    __rt_lib_init_exceptions_1               0x080001a5   Thumb Code     0  libinit2.o(.ARM.Collect$$libinit$$00000032)
    __rt_lib_init_fp_1                       0x080001a5   Thumb Code     0  libinit2.o(.ARM.Collect$$libinit$$00000002)
    __rt_lib_init_fp_trap_1                  0x080001a5   Thumb Code     0  libinit2.o(.ARM.Collect$$libinit$$00000021)
    __rt_lib_init_getenv_1                   0x080001a5   Thumb Code     0  libinit2.o(.ARM.Collect$$libinit$$00000025)
    __rt_lib_init_heap_1                     0x080001a5   Thumb Code     0  libinit2.o(.ARM.Collect$$libinit$$0000000C)
    __rt_lib_init_lc_collate_1               0x080001a5   Thumb Code     0  libinit2.o(.ARM.Collect$$libinit$$00000013)
    __rt_lib_init_lc_ctype_1                 0x080001a5   Thumb Code     0  libinit2.o(.ARM.Collect$$libinit$$00000015)
    __rt_lib_init_lc_monetary_1              0x080001a5   Thumb Code     0  libinit2.o(.ARM.Collect$$libinit$$00000017)
    __rt_lib_init_lc_numeric_1               0x080001a5   Thumb Code     0  libinit2.o(.ARM.Collect$$libinit$$00000019)
    __rt_lib_init_lc_time_1                  0x080001a5   Thumb Code     0  libinit2.o(.ARM.Collect$$libinit$$0000001B)
    __rt_lib_init_preinit_1                  0x080001a5   Thumb Code     0  libinit2.o(.ARM.Collect$$libinit$$00000006)
    __rt_lib_init_rand_1                     0x080001a5   Thumb Code     0  libinit2.o(.ARM.Collect$$libinit$$00000010)
    __rt_lib_init_relocate_pie_1             0x080001a5   Thumb Code     0  libinit2.o(.ARM.Collect$$libinit$$00000004)
    __rt_lib_init_return                     0x080001a5   Thumb Code     0  libinit2.o(.ARM.Collect$$libinit$$00000035)
    __rt_lib_init_signal_1                   0x080001a5   Thumb Code     0  libinit2.o(.ARM.Collect$$libinit$$0000001F)
    __rt_lib_init_stdio_1                    0x080001a5   Thumb Code     0  libinit2.o(.ARM.Collect$$libinit$$00000027)
    __rt_lib_init_user_alloc_1               0x080001a5   Thumb Code     0  libinit2.o(.ARM.Collect$$libinit$$0000000E)
    __rt_lib_shutdown                        0x080001a7   Thumb Code     0  libshutdown.o(.ARM.Collect$$libshutdown$$00000000)
    __rt_lib_shutdown_cpp_1                  0x080001a9   Thumb Code     0  libshutdown2.o(.ARM.Collect$$libshutdown$$00000002)
    __rt_lib_shutdown_fp_trap_1              0x080001a9   Thumb Code     0  libshutdown2.o(.ARM.Collect$$libshutdown$$00000007)
    __rt_lib_shutdown_heap_1                 0x080001a9   Thumb Code     0  libshutdown2.o(.ARM.Collect$$libshutdown$$0000000F)
    __rt_lib_shutdown_return                 0x080001a9   Thumb Code     0  libshutdown2.o(.ARM.Collect$$libshutdown$$00000010)
    __rt_lib_shutdown_signal_1               0x080001a9   Thumb Code     0  libshutdown2.o(.ARM.Collect$$libshutdown$$0000000A)
    __rt_lib_shutdown_stdio_1                0x080001a9   Thumb Code     0  libshutdown2.o(.ARM.Collect$$libshutdown$$00000004)
    __rt_lib_shutdown_user_alloc_1           0x080001a9   Thumb Code     0  libshutdown2.o(.ARM.Collect$$libshutdown$$0000000C)
    __rt_entry                               0x080001ab   Thumb Code     0  __rtentry.o(.ARM.Collect$$rtentry$$00000000)
    __rt_entry_presh_1                       0x080001ab   Thumb Code     0  __rtentry2.o(.ARM.Collect$$rtentry$$00000002)
    __rt_entry_sh                            0x080001ab   Thumb Code     0  __rtentry4.o(.ARM.Collect$$rtentry$$00000004)
    __rt_entry_li                            0x080001b1   Thumb Code     0  __rtentry2.o(.ARM.Collect$$rtentry$$0000000A)
    __rt_entry_postsh_1                      0x080001b1   Thumb Code     0  __rtentry2.o(.ARM.Collect$$rtentry$$00000009)
    __rt_entry_main                          0x080001b5   Thumb Code     0  __rtentry2.o(.ARM.Collect$$rtentry$$0000000D)
    __rt_entry_postli_1                      0x080001b5   Thumb Code     0  __rtentry2.o(.ARM.Collect$$rtentry$$0000000C)
    __rt_exit                                0x080001bd   Thumb Code     0  rtexit.o(.ARM.Collect$$rtexit$$00000000)
    __rt_exit_ls                             0x080001bf   Thumb Code     0  rtexit2.o(.ARM.Collect$$rtexit$$00000003)
    __rt_exit_prels_1                        0x080001bf   Thumb Code     0  rtexit2.o(.ARM.Collect$$rtexit$$00000002)
    __rt_exit_exit                           0x080001c3   Thumb Code     0  rtexit2.o(.ARM.Collect$$rtexit$$00000004)
    Reset_Handler                            0x080001c9   Thumb Code     8  startup_stm32f103xb.o(.text)
    ADC1_2_IRQHandler                        0x080001e3   Thumb Code     0  startup_stm32f103xb.o(.text)
    CAN1_RX1_IRQHandler                      0x080001e3   Thumb Code     0  startup_stm32f103xb.o(.text)
    CAN1_SCE_IRQHandler                      0x080001e3   Thumb Code     0  startup_stm32f103xb.o(.text)
    DMA1_Channel1_IRQHandler                 0x080001e3   Thumb Code     0  startup_stm32f103xb.o(.text)
    DMA1_Channel2_IRQHandler                 0x080001e3   Thumb Code     0  startup_stm32f103xb.o(.text)
    DMA1_Channel3_IRQHandler                 0x080001e3   Thumb Code     0  startup_stm32f103xb.o(.text)
    DMA1_Channel4_IRQHandler                 0x080001e3   Thumb Code     0  startup_stm32f103xb.o(.text)
    DMA1_Channel5_IRQHandler                 0x080001e3   Thumb Code     0  startup_stm32f103xb.o(.text)
    DMA1_Channel6_IRQHandler                 0x080001e3   Thumb Code     0  startup_stm32f103xb.o(.text)
    DMA1_Channel7_IRQHandler                 0x080001e3   Thumb Code     0  startup_stm32f103xb.o(.text)
    EXTI0_IRQHandler                         0x080001e3   Thumb Code     0  startup_stm32f103xb.o(.text)
    EXTI1_IRQHandler                         0x080001e3   Thumb Code     0  startup_stm32f103xb.o(.text)
    EXTI2_IRQHandler                         0x080001e3   Thumb Code     0  startup_stm32f103xb.o(.text)
    EXTI3_IRQHandler                         0x080001e3   Thumb Code     0  startup_stm32f103xb.o(.text)
    EXTI4_IRQHandler                         0x080001e3   Thumb Code     0  startup_stm32f103xb.o(.text)
    FLASH_IRQHandler                         0x080001e3   Thumb Code     0  startup_stm32f103xb.o(.text)
    I2C1_ER_IRQHandler                       0x080001e3   Thumb Code     0  startup_stm32f103xb.o(.text)
    I2C1_EV_IRQHandler                       0x080001e3   Thumb Code     0  startup_stm32f103xb.o(.text)
    I2C2_ER_IRQHandler                       0x080001e3   Thumb Code     0  startup_stm32f103xb.o(.text)
    I2C2_EV_IRQHandler                       0x080001e3   Thumb Code     0  startup_stm32f103xb.o(.text)
    PVD_IRQHandler                           0x080001e3   Thumb Code     0  startup_stm32f103xb.o(.text)
    RCC_IRQHandler                           0x080001e3   Thumb Code     0  startup_stm32f103xb.o(.text)
    RTC_Alarm_IRQHandler                     0x080001e3   Thumb Code     0  startup_stm32f103xb.o(.text)
    RTC_IRQHandler                           0x080001e3   Thumb Code     0  startup_stm32f103xb.o(.text)
    SPI1_IRQHandler                          0x080001e3   Thumb Code     0  startup_stm32f103xb.o(.text)
    SPI2_IRQHandler                          0x080001e3   Thumb Code     0  startup_stm32f103xb.o(.text)
    TAMPER_IRQHandler                        0x080001e3   Thumb Code     0  startup_stm32f103xb.o(.text)
    TIM1_BRK_IRQHandler                      0x080001e3   Thumb Code     0  startup_stm32f103xb.o(.text)
    TIM1_CC_IRQHandler                       0x080001e3   Thumb Code     0  startup_stm32f103xb.o(.text)
    TIM1_TRG_COM_IRQHandler                  0x080001e3   Thumb Code     0  startup_stm32f103xb.o(.text)
    TIM1_UP_IRQHandler                       0x080001e3   Thumb Code     0  startup_stm32f103xb.o(.text)
    TIM2_IRQHandler                          0x080001e3   Thumb Code     0  startup_stm32f103xb.o(.text)
    TIM3_IRQHandler                          0x080001e3   Thumb Code     0  startup_stm32f103xb.o(.text)
    TIM4_IRQHandler                          0x080001e3   Thumb Code     0  startup_stm32f103xb.o(.text)
    USART1_IRQHandler                        0x080001e3   Thumb Code     0  startup_stm32f103xb.o(.text)
    USART2_IRQHandler                        0x080001e3   Thumb Code     0  startup_stm32f103xb.o(.text)
    USART3_IRQHandler                        0x080001e3   Thumb Code     0  startup_stm32f103xb.o(.text)
    USBWakeUp_IRQHandler                     0x080001e3   Thumb Code     0  startup_stm32f103xb.o(.text)
    USB_HP_CAN1_TX_IRQHandler                0x080001e3   Thumb Code     0  startup_stm32f103xb.o(.text)
    USB_LP_CAN1_RX0_IRQHandler               0x080001e3   Thumb Code     0  startup_stm32f103xb.o(.text)
    WWDG_IRQHandler                          0x080001e3   Thumb Code     0  startup_stm32f103xb.o(.text)
    __user_initial_stackheap                 0x080001e5   Thumb Code     0  startup_stm32f103xb.o(.text)
    __2sprintf                               0x08000209   Thumb Code    34  noretval__2sprintf.o(.text)
    __printf                                 0x08000231   Thumb Code   104  __printf.o(.text)
    _printf_str                              0x08000299   Thumb Code    82  _printf_str.o(.text)
    _printf_int_dec                          0x080002ed   Thumb Code   104  _printf_dec.o(.text)
    strstr                                   0x08000365   Thumb Code    36  strstr.o(.text)
    strlen                                   0x08000389   Thumb Code    62  strlen.o(.text)
    __aeabi_memclr4                          0x080003c7   Thumb Code     0  rt_memclr_w.o(.text)
    __aeabi_memclr8                          0x080003c7   Thumb Code     0  rt_memclr_w.o(.text)
    __rt_memclr_w                            0x080003c7   Thumb Code     0  rt_memclr_w.o(.text)
    _memset_w                                0x080003cb   Thumb Code    74  rt_memclr_w.o(.text)
    strcmp                                   0x08000415   Thumb Code   128  strcmpv7m.o(.text)
    __use_two_region_memory                  0x08000495   Thumb Code     2  heapauxi.o(.text)
    __rt_heap_escrow$2region                 0x08000497   Thumb Code     2  heapauxi.o(.text)
    __rt_heap_expand$2region                 0x08000499   Thumb Code     2  heapauxi.o(.text)
    _printf_int_common                       0x0800049b   Thumb Code   178  _printf_intcommon.o(.text)
    _printf_char_common                      0x08000557   Thumb Code    32  _printf_char_common.o(.text)
    _sputc                                   0x0800057d   Thumb Code    10  _sputc.o(.text)
    _printf_cs_common                        0x08000587   Thumb Code    20  _printf_char.o(.text)
    _printf_char                             0x0800059b   Thumb Code    16  _printf_char.o(.text)
    _printf_string                           0x080005ab   Thumb Code     8  _printf_char.o(.text)
    __user_setup_stackheap                   0x080005b3   Thumb Code    74  sys_stackheap_outer.o(.text)
    exit                                     0x080005fd   Thumb Code    18  exit.o(.text)
    __user_libspace                          0x08000611   Thumb Code     8  libspace.o(.text)
    __user_perproc_libspace                  0x08000611   Thumb Code     0  libspace.o(.text)
    __user_perthread_libspace                0x08000611   Thumb Code     0  libspace.o(.text)
    _sys_exit                                0x08000619   Thumb Code     8  sys_exit.o(.text)
    __I$use$semihosting                      0x08000625   Thumb Code     0  use_no_semi.o(.text)
    __use_no_semihosting_swi                 0x08000625   Thumb Code     2  use_no_semi.o(.text)
    __semihosting_library_function           0x08000627   Thumb Code     0  indicate_semi.o(.text)
    BusFault_Handler                         0x08000629   Thumb Code     2  stm32f1xx_it.o(.text.BusFault_Handler)
    CalulateCRC                              0x0800062d   Thumb Code   468  rc522.o(.text.CalulateCRC)
    ClearBitMask                             0x08000801   Thumb Code   182  rc522.o(.text.ClearBitMask)
    DebugMon_Handler                         0x080008b9   Thumb Code     2  stm32f1xx_it.o(.text.DebugMon_Handler)
    EEPROM_DeleteCardByIndex                 0x080008bd   Thumb Code   258  main.o(.text.EEPROM_DeleteCardByIndex)
    EEPROM_ReadCardByIndex                   0x080009c1   Thumb Code    50  main.o(.text.EEPROM_ReadCardByIndex)
    EEPROM_SaveNewCard                       0x080009f5   Thumb Code   220  main.o(.text.EEPROM_SaveNewCard)
    EXTI15_10_IRQHandler                     0x08000ae5   Thumb Code    18  main.o(.text.EXTI15_10_IRQHandler)
    EXTI9_5_IRQHandler                       0x08000af9   Thumb Code    34  main.o(.text.EXTI9_5_IRQHandler)
    HAL_ADC_ConfigChannel                    0x08000b1d   Thumb Code   374  stm32f1xx_hal_adc.o(.text.HAL_ADC_ConfigChannel)
    HAL_ADC_Init                             0x08000c95   Thumb Code   344  stm32f1xx_hal_adc.o(.text.HAL_ADC_Init)
    HAL_ADC_MspInit                          0x08000ded   Thumb Code   102  stm32f1xx_hal_msp.o(.text.HAL_ADC_MspInit)
    HAL_Delay                                0x08000e55   Thumb Code    40  stm32f1xx_hal.o(.text.HAL_Delay)
    HAL_GPIO_EXTI_Callback                   0x08000e7d   Thumb Code   764  main.o(.text.HAL_GPIO_EXTI_Callback)
    HAL_GPIO_EXTI_IRQHandler                 0x08001179   Thumb Code    22  stm32f1xx_hal_gpio.o(.text.HAL_GPIO_EXTI_IRQHandler)
    HAL_GPIO_Init                            0x08001191   Thumb Code   526  stm32f1xx_hal_gpio.o(.text.HAL_GPIO_Init)
    HAL_GPIO_ReadPin                         0x080013a1   Thumb Code    10  stm32f1xx_hal_gpio.o(.text.HAL_GPIO_ReadPin)
    HAL_GPIO_TogglePin                       0x080013ad   Thumb Code    16  stm32f1xx_hal_gpio.o(.text.HAL_GPIO_TogglePin)
    HAL_GPIO_WritePin                        0x080013bd   Thumb Code    10  stm32f1xx_hal_gpio.o(.text.HAL_GPIO_WritePin)
    HAL_GetTick                              0x080013c9   Thumb Code    12  stm32f1xx_hal.o(.text.HAL_GetTick)
    HAL_I2C_Init                             0x080013d5   Thumb Code   356  stm32f1xx_hal_i2c.o(.text.HAL_I2C_Init)
    HAL_I2C_Master_Transmit                  0x08001539   Thumb Code   476  stm32f1xx_hal_i2c.o(.text.HAL_I2C_Master_Transmit)
    HAL_I2C_Mem_Read                         0x08001715   Thumb Code   846  stm32f1xx_hal_i2c.o(.text.HAL_I2C_Mem_Read)
    HAL_I2C_Mem_Write                        0x08001a65   Thumb Code   348  stm32f1xx_hal_i2c.o(.text.HAL_I2C_Mem_Write)
    HAL_I2C_MspInit                          0x08001bc1   Thumb Code   108  stm32f1xx_hal_msp.o(.text.HAL_I2C_MspInit)
    HAL_IncTick                              0x08001c2d   Thumb Code    26  stm32f1xx_hal.o(.text.HAL_IncTick)
    HAL_Init                                 0x08001c49   Thumb Code    38  stm32f1xx_hal.o(.text.HAL_Init)
    HAL_InitTick                             0x08001c71   Thumb Code    72  stm32f1xx_hal.o(.text.HAL_InitTick)
    HAL_MspInit                              0x08001cb9   Thumb Code    66  stm32f1xx_hal_msp.o(.text.HAL_MspInit)
    HAL_NVIC_EnableIRQ                       0x08001cfd   Thumb Code    34  stm32f1xx_hal_cortex.o(.text.HAL_NVIC_EnableIRQ)
    HAL_NVIC_SetPriority                     0x08001d21   Thumb Code    86  stm32f1xx_hal_cortex.o(.text.HAL_NVIC_SetPriority)
    HAL_NVIC_SetPriorityGrouping             0x08001d79   Thumb Code    32  stm32f1xx_hal_cortex.o(.text.HAL_NVIC_SetPriorityGrouping)
    HAL_RCCEx_PeriphCLKConfig                0x08001d99   Thumb Code   258  stm32f1xx_hal_rcc_ex.o(.text.HAL_RCCEx_PeriphCLKConfig)
    HAL_RCC_ClockConfig                      0x08001e9d   Thumb Code   442  stm32f1xx_hal_rcc.o(.text.HAL_RCC_ClockConfig)
    HAL_RCC_GetPCLK1Freq                     0x08002059   Thumb Code    38  stm32f1xx_hal_rcc.o(.text.HAL_RCC_GetPCLK1Freq)
    HAL_RCC_GetPCLK2Freq                     0x08002081   Thumb Code    38  stm32f1xx_hal_rcc.o(.text.HAL_RCC_GetPCLK2Freq)
    HAL_RCC_OscConfig                        0x080020a9   Thumb Code  1024  stm32f1xx_hal_rcc.o(.text.HAL_RCC_OscConfig)
    HAL_SPI_Init                             0x080024a9   Thumb Code   168  stm32f1xx_hal_spi.o(.text.HAL_SPI_Init)
    HAL_SPI_MspInit                          0x08002551   Thumb Code   122  stm32f1xx_hal_msp.o(.text.HAL_SPI_MspInit)
    HAL_SPI_TransmitReceive                  0x080025cd   Thumb Code   722  stm32f1xx_hal_spi.o(.text.HAL_SPI_TransmitReceive)
    HAL_SYSTICK_Config                       0x080028a1   Thumb Code    44  stm32f1xx_hal_cortex.o(.text.HAL_SYSTICK_Config)
    HAL_TIMEx_ConfigBreakDeadTime            0x080028cd   Thumb Code    76  stm32f1xx_hal_tim_ex.o(.text.HAL_TIMEx_ConfigBreakDeadTime)
    HAL_TIMEx_MasterConfigSynchronization    0x08002919   Thumb Code   126  stm32f1xx_hal_tim_ex.o(.text.HAL_TIMEx_MasterConfigSynchronization)
    HAL_TIM_Base_Init                        0x08002999   Thumb Code   250  stm32f1xx_hal_tim.o(.text.HAL_TIM_Base_Init)
    HAL_TIM_Base_MspInit                     0x08002a95   Thumb Code    48  stm32f1xx_hal_msp.o(.text.HAL_TIM_Base_MspInit)
    HAL_TIM_ConfigClockSource                0x08002ac5   Thumb Code   416  stm32f1xx_hal_tim.o(.text.HAL_TIM_ConfigClockSource)
    HAL_TIM_MspPostInit                      0x08002c65   Thumb Code    88  stm32f1xx_hal_msp.o(.text.HAL_TIM_MspPostInit)
    HAL_TIM_PWM_ConfigChannel                0x08002cbd   Thumb Code   516  stm32f1xx_hal_tim.o(.text.HAL_TIM_PWM_ConfigChannel)
    HAL_TIM_PWM_Init                         0x08002ec1   Thumb Code   250  stm32f1xx_hal_tim.o(.text.HAL_TIM_PWM_Init)
    HAL_TIM_PWM_MspInit                      0x08002fbd   Thumb Code     2  stm32f1xx_hal_tim.o(.text.HAL_TIM_PWM_MspInit)
    HAL_TIM_PWM_Start                        0x08002fc1   Thumb Code   218  stm32f1xx_hal_tim.o(.text.HAL_TIM_PWM_Start)
    HAL_UART_Init                            0x0800309d   Thumb Code   226  stm32f1xx_hal_uart.o(.text.HAL_UART_Init)
    HAL_UART_MspInit                         0x08003181   Thumb Code   192  stm32f1xx_hal_msp.o(.text.HAL_UART_MspInit)
    HAL_UART_Receive                         0x08003241   Thumb Code   558  stm32f1xx_hal_uart.o(.text.HAL_UART_Receive)
    HAL_UART_Transmit                        0x08003471   Thumb Code   402  stm32f1xx_hal_uart.o(.text.HAL_UART_Transmit)
    HardFault_Handler                        0x08003605   Thumb Code     2  stm32f1xx_it.o(.text.HardFault_Handler)
    LCD_Print_1Line                          0x08003c91   Thumb Code   264  main.o(.text.LCD_Print_1Line)
    Lcd_Ghi_Chuoi                            0x08003dad   Thumb Code   100  main.o(.text.Lcd_Ghi_Chuoi)
    Lcd_Ghi_Lenh                             0x08003e11   Thumb Code    74  main.o(.text.Lcd_Ghi_Lenh)
    Lcd_init                                 0x08003e5d   Thumb Code   236  main.o(.text.Lcd_init)
    MFRC522_Anticoll                         0x08003f49   Thumb Code   154  rc522.o(.text.MFRC522_Anticoll)
    MFRC522_Auth                             0x08003fe5   Thumb Code   158  rc522.o(.text.MFRC522_Auth)
    MFRC522_Halt                             0x08004085   Thumb Code    46  rc522.o(.text.MFRC522_Halt)
    MFRC522_Init                             0x080040b5   Thumb Code   598  rc522.o(.text.MFRC522_Init)
    MFRC522_Request                          0x0800430d   Thumb Code   136  rc522.o(.text.MFRC522_Request)
    MFRC522_SelectTag                        0x08004395   Thumb Code    84  rc522.o(.text.MFRC522_SelectTag)
    MFRC522_ToCard                           0x080043e9   Thumb Code   940  rc522.o(.text.MFRC522_ToCard)
    MFRC522_Write                            0x08004795   Thumb Code   144  rc522.o(.text.MFRC522_Write)
    MemManage_Handler                        0x08004825   Thumb Code     2  stm32f1xx_it.o(.text.MemManage_Handler)
    NMI_Handler                              0x08004829   Thumb Code     2  stm32f1xx_it.o(.text.NMI_Handler)
    PendSV_Handler                           0x0800482d   Thumb Code     2  stm32f1xx_it.o(.text.PendSV_Handler)
    RFID_addCard                             0x08004831   Thumb Code   448  main.o(.text.RFID_addCard)
    RFID_checkDoor                           0x08004a25   Thumb Code  1100  main.o(.text.RFID_checkDoor)
    RFID_deleteCard                          0x08004ed9   Thumb Code   900  main.o(.text.RFID_deleteCard)
    SVC_Handler                              0x08005391   Thumb Code     2  stm32f1xx_it.o(.text.SVC_Handler)
    SetBitMask                               0x08005395   Thumb Code   182  rc522.o(.text.SetBitMask)
    SysTick_Handler                          0x0800544d   Thumb Code     4  stm32f1xx_it.o(.text.SysTick_Handler)
    SystemInit                               0x08005451   Thumb Code     2  system_stm32f1xx.o(.text.SystemInit)
    UsageFault_Handler                       0x08005455   Thumb Code     2  stm32f1xx_it.o(.text.UsageFault_Handler)
    blinkBuzz                                0x08005459   Thumb Code    66  main.o(.text.blinkBuzz)
    changePassword                           0x0800549d   Thumb Code   116  main.o(.text.changePassword)
    checkkey                                 0x08005511   Thumb Code  1556  main.o(.text.checkkey)
    doorCloseSlow                            0x08005bc9   Thumb Code   206  main.o(.text.doorCloseSlow)
    doorOpenSlow                             0x08005c99   Thumb Code   206  main.o(.text.doorOpenSlow)
    get4G                                    0x08005d69   Thumb Code   308  main.o(.text.get4G)
    main                                     0x08005ec9   Thumb Code  2888  main.o(.text.main)
    openTheDoor                              0x08006a55   Thumb Code   118  main.o(.text.openTheDoor)
    send4G                                   0x08006acd   Thumb Code   356  main.o(.text.send4G)
    sendAT_Wait                              0x08006c7d   Thumb Code   140  main.o(.text.sendAT_Wait)
    showCard                                 0x08006d09   Thumb Code   176  main.o(.text.showCard)
    showError                                0x08006dd1   Thumb Code   220  main.o(.text.showError)
    AHBPrescTable                            0x08006ec0   Data          16  system_stm32f1xx.o(.rodata.AHBPrescTable)
    APBPrescTable                            0x08006ed0   Data           8  system_stm32f1xx.o(.rodata.APBPrescTable)
    Region$$Table$$Base                      0x0800709c   Number         0  anon$$obj.o(Region$$Table)
    Region$$Table$$Limit                     0x080070bc   Number         0  anon$$obj.o(Region$$Table)
    lockTime                                 0x20000000   Data           1  main.o(.data..L_MergedGlobals)
    keyPressed                               0x20000001   Data           1  main.o(.data..L_MergedGlobals)
    MODE                                     0x20000004   Data           4  main.o(.data..L_MergedGlobals)
    defaultKeyA                              0x20000008   Data           6  main.o(.data..L_MergedGlobals)
    validKeyA                                0x2000000e   Data           6  main.o(.data..L_MergedGlobals)
    uwTickFreq                               0x20000014   Data           1  stm32f1xx_hal.o(.data..L_MergedGlobals)
    uwTickPrio                               0x20000018   Data           4  stm32f1xx_hal.o(.data..L_MergedGlobals)
    SystemCoreClock                          0x2000001c   Data           4  system_stm32f1xx.o(.data.SystemCoreClock)
    __libspace_start                         0x20000020   Data          96  libspace.o(.bss)
    __temporary_stack_top$libspace           0x20000080   Data           0  libspace.o(.bss)
    failedAttempts                           0x20000080   Data           1  main.o(.bss..L_MergedGlobals.52)
    lockoutActive                            0x20000081   Data           1  main.o(.bss..L_MergedGlobals.52)
    btnPress                                 0x20000082   Data           1  main.o(.bss..L_MergedGlobals.52)
    doorIsOpen                               0x20000083   Data           1  main.o(.bss..L_MergedGlobals.52)
    changeKeyPass                            0x20000084   Data           1  main.o(.bss..L_MergedGlobals.52)
    codeIdx                                  0x20000085   Data           1  main.o(.bss..L_MergedGlobals.52)
    numRfid                                  0x20000086   Data           1  main.o(.bss..L_MergedGlobals.52)
    cardViewIndex                            0x20000087   Data           1  main.o(.bss..L_MergedGlobals.52)
    totalCards                               0x20000088   Data           1  main.o(.bss..L_MergedGlobals.52)
    doorOpenTime                             0x2000008c   Data           4  main.o(.bss..L_MergedGlobals.52)
    lastFailTime                             0x20000090   Data           4  main.o(.bss..L_MergedGlobals.52)
    idx                                      0x20000094   Data           4  main.o(.bss..L_MergedGlobals.52)
    previousMillis                           0x20000098   Data           4  main.o(.bss..L_MergedGlobals.52)
    currentMillis                            0x2000009c   Data           4  main.o(.bss..L_MergedGlobals.52)
    btnPressTime                             0x200000a0   Data           4  main.o(.bss..L_MergedGlobals.52)
    isEnteringCode                           0x200000a4   Data           4  main.o(.bss..L_MergedGlobals.52)
    cardPendingSave                          0x200000a8   Data           4  main.o(.bss..L_MergedGlobals.52)
    isViewingCards                           0x200000ac   Data           4  main.o(.bss..L_MergedGlobals.52)
    timeSIMGet                               0x200000b0   Data           4  main.o(.bss..L_MergedGlobals.52)
    get                                      0x200000b4   Data           4  main.o(.bss..L_MergedGlobals.52)
    tempCode                                 0x200000b8   Data           5  main.o(.bss..L_MergedGlobals.52)
    cardSerial                               0x200000bd   Data           5  main.o(.bss..L_MergedGlobals.52)
    currentCard                              0x200000c2   Data           8  main.o(.bss..L_MergedGlobals.52)
    passValid                                0x200000ca   Data          10  main.o(.bss..L_MergedGlobals.52)
    keyValid                                 0x200000d4   Data          10  main.o(.bss..L_MergedGlobals.52)
    tmp                                      0x200000de   Data          15  main.o(.bss..L_MergedGlobals.52)
    HexString                                0x200000f0   Data          20  main.o(.bss..L_MergedGlobals.53)
    hadc1                                    0x20000104   Data          48  main.o(.bss..L_MergedGlobals.53)
    M                                        0x20000134   Data          50  main.o(.bss..L_MergedGlobals.53)
    hi2c2                                    0x20000168   Data          84  main.o(.bss.hi2c2)
    hspi1                                    0x200001bc   Data          88  main.o(.bss.hspi1)
    htim1                                    0x20000214   Data          72  main.o(.bss.htim1)
    huart1                                   0x2000025c   Data          72  main.o(.bss.huart1)
    huart2                                   0x200002a4   Data          72  main.o(.bss.huart2)
    uwTick                                   0x200002ec   Data           4  stm32f1xx_hal.o(.bss.uwTick)



==============================================================================

Memory Map of the image

  Image Entry point : 0x080000ed

  Load Region LR_IROM1 (Base: 0x08000000, Size: 0x000070e0, Max: 0x00010000, ABSOLUTE)

    Execution Region ER_IROM1 (Exec base: 0x08000000, Load base: 0x08000000, Size: 0x000070bc, Max: 0x00010000, ABSOLUTE)

    Exec Addr    Load Addr    Size         Type   Attr      Idx    E Section Name        Object

    0x08000000   0x08000000   0x000000ec   Data   RO            3    RESET               startup_stm32f103xb.o
    0x080000ec   0x080000ec   0x00000008   Code   RO         1405  * !!!main             c_w.l(__main.o)
    0x080000f4   0x080000f4   0x0000005c   Code   RO         1581    !!!scatter          c_w.l(__scatter.o)
    0x08000150   0x08000150   0x0000001a   Code   RO         1585    !!handler_copy      c_w.l(__scatter_copy.o)
    0x0800016a   0x0800016a   0x00000002   PAD
    0x0800016c   0x0800016c   0x00000002   Code   RO         1582    !!handler_null      c_w.l(__scatter.o)
    0x0800016e   0x0800016e   0x00000002   PAD
    0x08000170   0x08000170   0x0000001c   Code   RO         1587    !!handler_zi        c_w.l(__scatter_zi.o)
    0x0800018c   0x0800018c   0x00000000   Code   RO         1394    .ARM.Collect$$_printf_percent$$00000000  c_w.l(_printf_percent.o)
    0x0800018c   0x0800018c   0x00000006   Code   RO         1393    .ARM.Collect$$_printf_percent$$00000009  c_w.l(_printf_d.o)
    0x08000192   0x08000192   0x00000006   Code   RO         1391    .ARM.Collect$$_printf_percent$$00000013  c_w.l(_printf_c.o)
    0x08000198   0x08000198   0x00000006   Code   RO         1392    .ARM.Collect$$_printf_percent$$00000014  c_w.l(_printf_s.o)
    0x0800019e   0x0800019e   0x00000004   Code   RO         1416    .ARM.Collect$$_printf_percent$$00000017  c_w.l(_printf_percent_end.o)
    0x080001a2   0x080001a2   0x00000002   Code   RO         1443    .ARM.Collect$$libinit$$00000000  c_w.l(libinit.o)
    0x080001a4   0x080001a4   0x00000000   Code   RO         1450    .ARM.Collect$$libinit$$00000002  c_w.l(libinit2.o)
    0x080001a4   0x080001a4   0x00000000   Code   RO         1452    .ARM.Collect$$libinit$$00000004  c_w.l(libinit2.o)
    0x080001a4   0x080001a4   0x00000000   Code   RO         1454    .ARM.Collect$$libinit$$00000006  c_w.l(libinit2.o)
    0x080001a4   0x080001a4   0x00000000   Code   RO         1457    .ARM.Collect$$libinit$$0000000C  c_w.l(libinit2.o)
    0x080001a4   0x080001a4   0x00000000   Code   RO         1459    .ARM.Collect$$libinit$$0000000E  c_w.l(libinit2.o)
    0x080001a4   0x080001a4   0x00000000   Code   RO         1461    .ARM.Collect$$libinit$$00000010  c_w.l(libinit2.o)
    0x080001a4   0x080001a4   0x00000000   Code   RO         1464    .ARM.Collect$$libinit$$00000013  c_w.l(libinit2.o)
    0x080001a4   0x080001a4   0x00000000   Code   RO         1466    .ARM.Collect$$libinit$$00000015  c_w.l(libinit2.o)
    0x080001a4   0x080001a4   0x00000000   Code   RO         1468    .ARM.Collect$$libinit$$00000017  c_w.l(libinit2.o)
    0x080001a4   0x080001a4   0x00000000   Code   RO         1470    .ARM.Collect$$libinit$$00000019  c_w.l(libinit2.o)
    0x080001a4   0x080001a4   0x00000000   Code   RO         1472    .ARM.Collect$$libinit$$0000001B  c_w.l(libinit2.o)
    0x080001a4   0x080001a4   0x00000000   Code   RO         1474    .ARM.Collect$$libinit$$0000001D  c_w.l(libinit2.o)
    0x080001a4   0x080001a4   0x00000000   Code   RO         1476    .ARM.Collect$$libinit$$0000001F  c_w.l(libinit2.o)
    0x080001a4   0x080001a4   0x00000000   Code   RO         1478    .ARM.Collect$$libinit$$00000021  c_w.l(libinit2.o)
    0x080001a4   0x080001a4   0x00000000   Code   RO         1480    .ARM.Collect$$libinit$$00000023  c_w.l(libinit2.o)
    0x080001a4   0x080001a4   0x00000000   Code   RO         1482    .ARM.Collect$$libinit$$00000025  c_w.l(libinit2.o)
    0x080001a4   0x080001a4   0x00000000   Code   RO         1484    .ARM.Collect$$libinit$$00000027  c_w.l(libinit2.o)
    0x080001a4   0x080001a4   0x00000000   Code   RO         1488    .ARM.Collect$$libinit$$0000002E  c_w.l(libinit2.o)
    0x080001a4   0x080001a4   0x00000000   Code   RO         1490    .ARM.Collect$$libinit$$00000030  c_w.l(libinit2.o)
    0x080001a4   0x080001a4   0x00000000   Code   RO         1492    .ARM.Collect$$libinit$$00000032  c_w.l(libinit2.o)
    0x080001a4   0x080001a4   0x00000000   Code   RO         1494    .ARM.Collect$$libinit$$00000034  c_w.l(libinit2.o)
    0x080001a4   0x080001a4   0x00000002   Code   RO         1495    .ARM.Collect$$libinit$$00000035  c_w.l(libinit2.o)
    0x080001a6   0x080001a6   0x00000002   Code   RO         1517    .ARM.Collect$$libshutdown$$00000000  c_w.l(libshutdown.o)
    0x080001a8   0x080001a8   0x00000000   Code   RO         1532    .ARM.Collect$$libshutdown$$00000002  c_w.l(libshutdown2.o)
    0x080001a8   0x080001a8   0x00000000   Code   RO         1534    .ARM.Collect$$libshutdown$$00000004  c_w.l(libshutdown2.o)
    0x080001a8   0x080001a8   0x00000000   Code   RO         1537    .ARM.Collect$$libshutdown$$00000007  c_w.l(libshutdown2.o)
    0x080001a8   0x080001a8   0x00000000   Code   RO         1540    .ARM.Collect$$libshutdown$$0000000A  c_w.l(libshutdown2.o)
    0x080001a8   0x080001a8   0x00000000   Code   RO         1542    .ARM.Collect$$libshutdown$$0000000C  c_w.l(libshutdown2.o)
    0x080001a8   0x080001a8   0x00000000   Code   RO         1545    .ARM.Collect$$libshutdown$$0000000F  c_w.l(libshutdown2.o)
    0x080001a8   0x080001a8   0x00000002   Code   RO         1546    .ARM.Collect$$libshutdown$$00000010  c_w.l(libshutdown2.o)
    0x080001aa   0x080001aa   0x00000000   Code   RO         1407    .ARM.Collect$$rtentry$$00000000  c_w.l(__rtentry.o)
    0x080001aa   0x080001aa   0x00000000   Code   RO         1418    .ARM.Collect$$rtentry$$00000002  c_w.l(__rtentry2.o)
    0x080001aa   0x080001aa   0x00000006   Code   RO         1430    .ARM.Collect$$rtentry$$00000004  c_w.l(__rtentry4.o)
    0x080001b0   0x080001b0   0x00000000   Code   RO         1420    .ARM.Collect$$rtentry$$00000009  c_w.l(__rtentry2.o)
    0x080001b0   0x080001b0   0x00000004   Code   RO         1421    .ARM.Collect$$rtentry$$0000000A  c_w.l(__rtentry2.o)
    0x080001b4   0x080001b4   0x00000000   Code   RO         1423    .ARM.Collect$$rtentry$$0000000C  c_w.l(__rtentry2.o)
    0x080001b4   0x080001b4   0x00000008   Code   RO         1424    .ARM.Collect$$rtentry$$0000000D  c_w.l(__rtentry2.o)
    0x080001bc   0x080001bc   0x00000002   Code   RO         1447    .ARM.Collect$$rtexit$$00000000  c_w.l(rtexit.o)
    0x080001be   0x080001be   0x00000000   Code   RO         1497    .ARM.Collect$$rtexit$$00000002  c_w.l(rtexit2.o)
    0x080001be   0x080001be   0x00000004   Code   RO         1498    .ARM.Collect$$rtexit$$00000003  c_w.l(rtexit2.o)
    0x080001c2   0x080001c2   0x00000006   Code   RO         1499    .ARM.Collect$$rtexit$$00000004  c_w.l(rtexit2.o)
    0x080001c8   0x080001c8   0x00000040   Code   RO            4    .text               startup_stm32f103xb.o
    0x08000208   0x08000208   0x00000028   Code   RO         1363    .text               c_w.l(noretval__2sprintf.o)
    0x08000230   0x08000230   0x00000068   Code   RO         1365    .text               c_w.l(__printf.o)
    0x08000298   0x08000298   0x00000052   Code   RO         1367    .text               c_w.l(_printf_str.o)
    0x080002ea   0x080002ea   0x00000002   PAD
    0x080002ec   0x080002ec   0x00000078   Code   RO         1369    .text               c_w.l(_printf_dec.o)
    0x08000364   0x08000364   0x00000024   Code   RO         1395    .text               c_w.l(strstr.o)
    0x08000388   0x08000388   0x0000003e   Code   RO         1397    .text               c_w.l(strlen.o)
    0x080003c6   0x080003c6   0x0000004e   Code   RO         1399    .text               c_w.l(rt_memclr_w.o)
    0x08000414   0x08000414   0x00000080   Code   RO         1401    .text               c_w.l(strcmpv7m.o)
    0x08000494   0x08000494   0x00000006   Code   RO         1403    .text               c_w.l(heapauxi.o)
    0x0800049a   0x0800049a   0x000000b2   Code   RO         1408    .text               c_w.l(_printf_intcommon.o)
    0x0800054c   0x0800054c   0x00000030   Code   RO         1410    .text               c_w.l(_printf_char_common.o)
    0x0800057c   0x0800057c   0x0000000a   Code   RO         1412    .text               c_w.l(_sputc.o)
    0x08000586   0x08000586   0x0000002c   Code   RO         1414    .text               c_w.l(_printf_char.o)
    0x080005b2   0x080005b2   0x0000004a   Code   RO         1434    .text               c_w.l(sys_stackheap_outer.o)
    0x080005fc   0x080005fc   0x00000012   Code   RO         1436    .text               c_w.l(exit.o)
    0x0800060e   0x0800060e   0x00000002   PAD
    0x08000610   0x08000610   0x00000008   Code   RO         1444    .text               c_w.l(libspace.o)
    0x08000618   0x08000618   0x0000000c   Code   RO         1507    .text               c_w.l(sys_exit.o)
    0x08000624   0x08000624   0x00000002   Code   RO         1522    .text               c_w.l(use_no_semi.o)
    0x08000626   0x08000626   0x00000000   Code   RO         1524    .text               c_w.l(indicate_semi.o)
    0x08000626   0x08000626   0x00000002   PAD
    0x08000628   0x08000628   0x00000002   Code   RO          160    .text.BusFault_Handler  stm32f1xx_it.o
    0x0800062a   0x0800062a   0x00000002   PAD
    0x0800062c   0x0800062c   0x000001d4   Code   RO           35    .text.CalulateCRC   rc522.o
    0x08000800   0x08000800   0x000000b6   Code   RO           19    .text.ClearBitMask  rc522.o
    0x080008b6   0x080008b6   0x00000002   PAD
    0x080008b8   0x080008b8   0x00000002   Code   RO          166    .text.DebugMon_Handler  stm32f1xx_it.o
    0x080008ba   0x080008ba   0x00000002   PAD
    0x080008bc   0x080008bc   0x00000102   Code   RO          103    .text.EEPROM_DeleteCardByIndex  main.o
    0x080009be   0x080009be   0x00000002   PAD
    0x080009c0   0x080009c0   0x00000032   Code   RO           99    .text.EEPROM_ReadCardByIndex  main.o
    0x080009f2   0x080009f2   0x00000002   PAD
    0x080009f4   0x080009f4   0x000000f0   Code   RO           97    .text.EEPROM_SaveNewCard  main.o
    0x08000ae4   0x08000ae4   0x00000012   Code   RO          123    .text.EXTI15_10_IRQHandler  main.o
    0x08000af6   0x08000af6   0x00000002   PAD
    0x08000af8   0x08000af8   0x00000022   Code   RO          125    .text.EXTI9_5_IRQHandler  main.o
    0x08000b1a   0x08000b1a   0x00000002   PAD
    0x08000b1c   0x08000b1c   0x00000176   Code   RO          271    .text.HAL_ADC_ConfigChannel  stm32f1xx_hal_adc.o
    0x08000c92   0x08000c92   0x00000002   PAD
    0x08000c94   0x08000c94   0x00000158   Code   RO          225    .text.HAL_ADC_Init  stm32f1xx_hal_adc.o
    0x08000dec   0x08000dec   0x00000066   Code   RO          181    .text.HAL_ADC_MspInit  stm32f1xx_hal_msp.o
    0x08000e52   0x08000e52   0x00000002   PAD
    0x08000e54   0x08000e54   0x00000028   Code   RO          341    .text.HAL_Delay     stm32f1xx_hal.o
    0x08000e7c   0x08000e7c   0x000002fc   Code   RO          127    .text.HAL_GPIO_EXTI_Callback  main.o
    0x08001178   0x08001178   0x00000016   Code   RO          445    .text.HAL_GPIO_EXTI_IRQHandler  stm32f1xx_hal_gpio.o
    0x0800118e   0x0800118e   0x00000002   PAD
    0x08001190   0x08001190   0x0000020e   Code   RO          433    .text.HAL_GPIO_Init  stm32f1xx_hal_gpio.o
    0x0800139e   0x0800139e   0x00000002   PAD
    0x080013a0   0x080013a0   0x0000000a   Code   RO          437    .text.HAL_GPIO_ReadPin  stm32f1xx_hal_gpio.o
    0x080013aa   0x080013aa   0x00000002   PAD
    0x080013ac   0x080013ac   0x00000010   Code   RO          441    .text.HAL_GPIO_TogglePin  stm32f1xx_hal_gpio.o
    0x080013bc   0x080013bc   0x0000000a   Code   RO          439    .text.HAL_GPIO_WritePin  stm32f1xx_hal_gpio.o
    0x080013c6   0x080013c6   0x00000002   PAD
    0x080013c8   0x080013c8   0x0000000c   Code   RO          333    .text.HAL_GetTick   stm32f1xx_hal.o
    0x080013d4   0x080013d4   0x00000164   Code   RO          654    .text.HAL_I2C_Init  stm32f1xx_hal_i2c.o
    0x08001538   0x08001538   0x000001dc   Code   RO          662    .text.HAL_I2C_Master_Transmit  stm32f1xx_hal_i2c.o
    0x08001714   0x08001714   0x0000034e   Code   RO          702    .text.HAL_I2C_Mem_Read  stm32f1xx_hal_i2c.o
    0x08001a62   0x08001a62   0x00000002   PAD
    0x08001a64   0x08001a64   0x0000015c   Code   RO          698    .text.HAL_I2C_Mem_Write  stm32f1xx_hal_i2c.o
    0x08001bc0   0x08001bc0   0x0000006c   Code   RO          185    .text.HAL_I2C_MspInit  stm32f1xx_hal_msp.o
    0x08001c2c   0x08001c2c   0x0000001a   Code   RO          331    .text.HAL_IncTick   stm32f1xx_hal.o
    0x08001c46   0x08001c46   0x00000002   PAD
    0x08001c48   0x08001c48   0x00000026   Code   RO          321    .text.HAL_Init      stm32f1xx_hal.o
    0x08001c6e   0x08001c6e   0x00000002   PAD
    0x08001c70   0x08001c70   0x00000048   Code   RO          323    .text.HAL_InitTick  stm32f1xx_hal.o
    0x08001cb8   0x08001cb8   0x00000042   Code   RO          179    .text.HAL_MspInit   stm32f1xx_hal_msp.o
    0x08001cfa   0x08001cfa   0x00000002   PAD
    0x08001cfc   0x08001cfc   0x00000022   Code   RO          493    .text.HAL_NVIC_EnableIRQ  stm32f1xx_hal_cortex.o
    0x08001d1e   0x08001d1e   0x00000002   PAD
    0x08001d20   0x08001d20   0x00000056   Code   RO          491    .text.HAL_NVIC_SetPriority  stm32f1xx_hal_cortex.o
    0x08001d76   0x08001d76   0x00000002   PAD
    0x08001d78   0x08001d78   0x00000020   Code   RO          489    .text.HAL_NVIC_SetPriorityGrouping  stm32f1xx_hal_cortex.o
    0x08001d98   0x08001d98   0x00000102   Code   RO          419    .text.HAL_RCCEx_PeriphCLKConfig  stm32f1xx_hal_rcc_ex.o
    0x08001e9a   0x08001e9a   0x00000002   PAD
    0x08001e9c   0x08001e9c   0x000001ba   Code   RO          385    .text.HAL_RCC_ClockConfig  stm32f1xx_hal_rcc.o
    0x08002056   0x08002056   0x00000002   PAD
    0x08002058   0x08002058   0x00000026   Code   RO          397    .text.HAL_RCC_GetPCLK1Freq  stm32f1xx_hal_rcc.o
    0x0800207e   0x0800207e   0x00000002   PAD
    0x08002080   0x08002080   0x00000026   Code   RO          399    .text.HAL_RCC_GetPCLK2Freq  stm32f1xx_hal_rcc.o
    0x080020a6   0x080020a6   0x00000002   PAD
    0x080020a8   0x080020a8   0x00000400   Code   RO          383    .text.HAL_RCC_OscConfig  stm32f1xx_hal_rcc.o
    0x080024a8   0x080024a8   0x000000a8   Code   RO          792    .text.HAL_SPI_Init  stm32f1xx_hal_spi.o
    0x08002550   0x08002550   0x0000007a   Code   RO          189    .text.HAL_SPI_MspInit  stm32f1xx_hal_msp.o
    0x080025ca   0x080025ca   0x00000002   PAD
    0x080025cc   0x080025cc   0x000002d2   Code   RO          804    .text.HAL_SPI_TransmitReceive  stm32f1xx_hal_spi.o
    0x0800289e   0x0800289e   0x00000002   PAD
    0x080028a0   0x080028a0   0x0000002c   Code   RO          501    .text.HAL_SYSTICK_Config  stm32f1xx_hal_cortex.o
    0x080028cc   0x080028cc   0x0000004c   Code   RO         1203    .text.HAL_TIMEx_ConfigBreakDeadTime  stm32f1xx_hal_tim_ex.o
    0x08002918   0x08002918   0x0000007e   Code   RO         1201    .text.HAL_TIMEx_MasterConfigSynchronization  stm32f1xx_hal_tim_ex.o
    0x08002996   0x08002996   0x00000002   PAD
    0x08002998   0x08002998   0x000000fa   Code   RO          906    .text.HAL_TIM_Base_Init  stm32f1xx_hal_tim.o
    0x08002a92   0x08002a92   0x00000002   PAD
    0x08002a94   0x08002a94   0x00000030   Code   RO          193    .text.HAL_TIM_Base_MspInit  stm32f1xx_hal_msp.o
    0x08002ac4   0x08002ac4   0x000001a0   Code   RO         1086    .text.HAL_TIM_ConfigClockSource  stm32f1xx_hal_tim.o
    0x08002c64   0x08002c64   0x00000058   Code   RO          195    .text.HAL_TIM_MspPostInit  stm32f1xx_hal_msp.o
    0x08002cbc   0x08002cbc   0x00000204   Code   RO         1060    .text.HAL_TIM_PWM_ConfigChannel  stm32f1xx_hal_tim.o
    0x08002ec0   0x08002ec0   0x000000fa   Code   RO          960    .text.HAL_TIM_PWM_Init  stm32f1xx_hal_tim.o
    0x08002fba   0x08002fba   0x00000002   PAD
    0x08002fbc   0x08002fbc   0x00000002   Code   RO          962    .text.HAL_TIM_PWM_MspInit  stm32f1xx_hal_tim.o
    0x08002fbe   0x08002fbe   0x00000002   PAD
    0x08002fc0   0x08002fc0   0x000000da   Code   RO          968    .text.HAL_TIM_PWM_Start  stm32f1xx_hal_tim.o
    0x0800309a   0x0800309a   0x00000002   PAD
    0x0800309c   0x0800309c   0x000000e2   Code   RO         1225    .text.HAL_UART_Init  stm32f1xx_hal_uart.o
    0x0800317e   0x0800317e   0x00000002   PAD
    0x08003180   0x08003180   0x000000c0   Code   RO          199    .text.HAL_UART_MspInit  stm32f1xx_hal_msp.o
    0x08003240   0x08003240   0x0000022e   Code   RO         1241    .text.HAL_UART_Receive  stm32f1xx_hal_uart.o
    0x0800346e   0x0800346e   0x00000002   PAD
    0x08003470   0x08003470   0x00000192   Code   RO         1239    .text.HAL_UART_Transmit  stm32f1xx_hal_uart.o
    0x08003602   0x08003602   0x00000002   PAD
    0x08003604   0x08003604   0x00000002   Code   RO          156    .text.HardFault_Handler  stm32f1xx_it.o
    0x08003606   0x08003606   0x00000002   PAD
    0x08003608   0x08003608   0x00000112   Code   RO          704    .text.I2C_RequestMemoryRead  stm32f1xx_hal_i2c.o
    0x0800371a   0x0800371a   0x00000002   PAD
    0x0800371c   0x0800371c   0x000000c8   Code   RO          700    .text.I2C_RequestMemoryWrite  stm32f1xx_hal_i2c.o
    0x080037e4   0x080037e4   0x000000ba   Code   RO          668    .text.I2C_WaitOnBTFFlagUntilTimeout  stm32f1xx_hal_i2c.o
    0x0800389e   0x0800389e   0x00000002   PAD
    0x080038a0   0x080038a0   0x000001ca   Code   RO          664    .text.I2C_WaitOnFlagUntilTimeout  stm32f1xx_hal_i2c.o
    0x08003a6a   0x08003a6a   0x00000002   PAD
    0x08003a6c   0x08003a6c   0x000000d6   Code   RO          782    .text.I2C_WaitOnMasterAddressFlagUntilTimeout  stm32f1xx_hal_i2c.o
    0x08003b42   0x08003b42   0x00000002   PAD
    0x08003b44   0x08003b44   0x00000090   Code   RO          672    .text.I2C_WaitOnRXNEFlagUntilTimeout  stm32f1xx_hal_i2c.o
    0x08003bd4   0x08003bd4   0x000000ba   Code   RO          666    .text.I2C_WaitOnTXEFlagUntilTimeout  stm32f1xx_hal_i2c.o
    0x08003c8e   0x08003c8e   0x00000002   PAD
    0x08003c90   0x08003c90   0x0000011c   Code   RO           73    .text.LCD_Print_1Line  main.o
    0x08003dac   0x08003dac   0x00000064   Code   RO           69    .text.Lcd_Ghi_Chuoi  main.o
    0x08003e10   0x08003e10   0x0000004a   Code   RO           63    .text.Lcd_Ghi_Lenh  main.o
    0x08003e5a   0x08003e5a   0x00000002   PAD
    0x08003e5c   0x08003e5c   0x000000ec   Code   RO           67    .text.Lcd_init      main.o
    0x08003f48   0x08003f48   0x0000009a   Code   RO           33    .text.MFRC522_Anticoll  rc522.o
    0x08003fe2   0x08003fe2   0x00000002   PAD
    0x08003fe4   0x08003fe4   0x0000009e   Code   RO           39    .text.MFRC522_Auth  rc522.o
    0x08004082   0x08004082   0x00000002   PAD
    0x08004084   0x08004084   0x0000002e   Code   RO           45    .text.MFRC522_Halt  rc522.o
    0x080040b2   0x080040b2   0x00000002   PAD
    0x080040b4   0x080040b4   0x00000256   Code   RO           27    .text.MFRC522_Init  rc522.o
    0x0800430a   0x0800430a   0x00000002   PAD
    0x0800430c   0x0800430c   0x00000088   Code   RO           31    .text.MFRC522_Request  rc522.o
    0x08004394   0x08004394   0x00000054   Code   RO           37    .text.MFRC522_SelectTag  rc522.o
    0x080043e8   0x080043e8   0x000003ac   Code   RO           29    .text.MFRC522_ToCard  rc522.o
    0x08004794   0x08004794   0x00000090   Code   RO           43    .text.MFRC522_Write  rc522.o
    0x08004824   0x08004824   0x00000002   Code   RO          158    .text.MemManage_Handler  stm32f1xx_it.o
    0x08004826   0x08004826   0x00000002   PAD
    0x08004828   0x08004828   0x00000002   Code   RO          154    .text.NMI_Handler   stm32f1xx_it.o
    0x0800482a   0x0800482a   0x00000002   PAD
    0x0800482c   0x0800482c   0x00000002   Code   RO          168    .text.PendSV_Handler  stm32f1xx_it.o
    0x0800482e   0x0800482e   0x00000002   PAD
    0x08004830   0x08004830   0x000001f4   Code   RO          111    .text.RFID_addCard  main.o
    0x08004a24   0x08004a24   0x000004b4   Code   RO          113    .text.RFID_checkDoor  main.o
    0x08004ed8   0x08004ed8   0x00000398   Code   RO          115    .text.RFID_deleteCard  main.o
    0x08005270   0x08005270   0x00000120   Code   RO          896    .text.SPI_WaitFlagStateUntilTimeout  stm32f1xx_hal_spi.o
    0x08005390   0x08005390   0x00000002   Code   RO          164    .text.SVC_Handler   stm32f1xx_it.o
    0x08005392   0x08005392   0x00000002   PAD
    0x08005394   0x08005394   0x000000b6   Code   RO           17    .text.SetBitMask    rc522.o
    0x0800544a   0x0800544a   0x00000002   PAD
    0x0800544c   0x0800544c   0x00000004   Code   RO          170    .text.SysTick_Handler  stm32f1xx_it.o
    0x08005450   0x08005450   0x00000002   Code   RO         1345    .text.SystemInit    system_stm32f1xx.o
    0x08005452   0x08005452   0x00000002   PAD
    0x08005454   0x08005454   0x00000002   Code   RO          162    .text.UsageFault_Handler  stm32f1xx_it.o
    0x08005456   0x08005456   0x00000002   PAD
    0x08005458   0x08005458   0x00000042   Code   RO           75    .text.blinkBuzz     main.o
    0x0800549a   0x0800549a   0x00000002   PAD
    0x0800549c   0x0800549c   0x00000074   Code   RO           95    .text.changePassword  main.o
    0x08005510   0x08005510   0x000006b8   Code   RO          107    .text.checkkey      main.o
    0x08005bc8   0x08005bc8   0x000000ce   Code   RO           57    .text.doorCloseSlow  main.o
    0x08005c96   0x08005c96   0x00000002   PAD
    0x08005c98   0x08005c98   0x000000ce   Code   RO           55    .text.doorOpenSlow  main.o
    0x08005d66   0x08005d66   0x00000002   PAD
    0x08005d68   0x08005d68   0x00000160   Code   RO           91    .text.get4G         main.o
    0x08005ec8   0x08005ec8   0x00000b8c   Code   RO          117    .text.main          main.o
    0x08006a54   0x08006a54   0x00000076   Code   RO           79    .text.openTheDoor   main.o
    0x08006aca   0x08006aca   0x00000002   PAD
    0x08006acc   0x08006acc   0x000001b0   Code   RO           89    .text.send4G        main.o
    0x08006c7c   0x08006c7c   0x0000008c   Code   RO           87    .text.sendAT_Wait   main.o
    0x08006d08   0x08006d08   0x000000c8   Code   RO          101    .text.showCard      main.o
    0x08006dd0   0x08006dd0   0x000000f0   Code   RO           77    .text.showError     main.o
    0x08006ec0   0x08006ec0   0x00000010   Data   RO         1350    .rodata.AHBPrescTable  system_stm32f1xx.o
    0x08006ed0   0x08006ed0   0x00000008   Data   RO         1351    .rodata.APBPrescTable  system_stm32f1xx.o
    0x08006ed8   0x08006ed8   0x00000002   Data   RO          410    .rodata.HAL_RCC_GetSysClockFreq.aPredivFactorTable  stm32f1xx_hal_rcc.o
    0x08006eda   0x08006eda   0x00000010   Data   RO          409    .rodata.cst16       stm32f1xx_hal_rcc.o
    0x08006eea   0x08006eea   0x000001b1   Data   RO          130    .rodata.str1.1      main.o
    0x0800709b   0x0800709b   0x00000001   PAD
    0x0800709c   0x0800709c   0x00000020   Data   RO         1580    Region$$Table       anon$$obj.o


    Execution Region RW_IRAM1 (Exec base: 0x20000000, Load base: 0x080070c0, Size: 0x000008f0, Max: 0x00005000, ABSOLUTE)

    Exec Addr    Load Addr    Size         Type   Attr      Idx    E Section Name        Object

    0x20000000   0x080070c0   0x00000014   Data   RW          143    .data..L_MergedGlobals  main.o
    0x20000014   0x080070d4   0x00000008   Data   RW          372    .data..L_MergedGlobals  stm32f1xx_hal.o
    0x2000001c   0x080070dc   0x00000004   Data   RW         1349    .data.SystemCoreClock  system_stm32f1xx.o
    0x20000020        -       0x00000060   Zero   RW         1445    .bss                c_w.l(libspace.o)
    0x20000080        -       0x0000006d   Zero   RW          144    .bss..L_MergedGlobals.52  main.o
    0x200000ed   0x080070e0   0x00000003   PAD
    0x200000f0        -       0x00000076   Zero   RW          145    .bss..L_MergedGlobals.53  main.o
    0x20000166   0x080070e0   0x00000002   PAD
    0x20000168        -       0x00000054   Zero   RW          131    .bss.hi2c2          main.o
    0x200001bc        -       0x00000058   Zero   RW          138    .bss.hspi1          main.o
    0x20000214        -       0x00000048   Zero   RW          129    .bss.htim1          main.o
    0x2000025c        -       0x00000048   Zero   RW          132    .bss.huart1         main.o
    0x200002a4        -       0x00000048   Zero   RW          133    .bss.huart2         main.o
    0x200002ec        -       0x00000004   Zero   RW          371    .bss.uwTick         stm32f1xx_hal.o
    0x200002f0        -       0x00000200   Zero   RW            2    HEAP                startup_stm32f103xb.o
    0x200004f0        -       0x00000400   Zero   RW            1    STACK               startup_stm32f103xb.o


==============================================================================

Image component sizes


      Code (inc. data)   RO Data    RW Data    ZI Data      Debug   Object Name

     11434        688        433         20        615      41899   main.o
      3092          0          0          0          0      14651   rc522.o
        64         26        236          0       1536        788   startup_stm32f103xb.o
       188          0          0          8          4       5768   stm32f1xx_hal.o
       718          0          0          0          0      13677   stm32f1xx_hal_adc.o
       196          0          0          0          0       8422   stm32f1xx_hal_cortex.o
       584         22          0          0          0       4696   stm32f1xx_hal_gpio.o
      3688          0          0          0          0      44994   stm32f1xx_hal_i2c.o
       726          0          0          0          0      11422   stm32f1xx_hal_msp.o
      1542          0         18          0          0       7956   stm32f1xx_hal_rcc.o
       258          0          0          0          0       3646   stm32f1xx_hal_rcc_ex.o
      1178          0          0          0          0      23684   stm32f1xx_hal_spi.o
      1652          6          0          0          0      57675   stm32f1xx_hal_tim.o
       202          0          0          0          0      20917   stm32f1xx_hal_tim_ex.o
      1186          0          0          0          0      32628   stm32f1xx_hal_uart.o
        20          0          0          0          0       1134   stm32f1xx_it.o
         2          0         24          4          0       1606   system_stm32f1xx.o

    ----------------------------------------------------------------------
     26840        742        744         32       2160     295563   Object Totals
         0          0         32          0          0          0   (incl. Generated)
       110          0          1          0          5          0   (incl. Padding)

    ----------------------------------------------------------------------

      Code (inc. data)   RO Data    RW Data    ZI Data      Debug   Library Member Name

         8          0          0          0          0         68   __main.o
       104          0          0          0          0         84   __printf.o
         0          0          0          0          0          0   __rtentry.o
        12          0          0          0          0          0   __rtentry2.o
         6          0          0          0          0          0   __rtentry4.o
        94          8          0          0          0          0   __scatter.o
        26          0          0          0          0          0   __scatter_copy.o
        28          0          0          0          0          0   __scatter_zi.o
         6          0          0          0          0          0   _printf_c.o
        44          0          0          0          0        108   _printf_char.o
        48          6          0          0          0         96   _printf_char_common.o
         6          0          0          0          0          0   _printf_d.o
       120         16          0          0          0         92   _printf_dec.o
       178          0          0          0          0         88   _printf_intcommon.o
         0          0          0          0          0          0   _printf_percent.o
         4          0          0          0          0          0   _printf_percent_end.o
         6          0          0          0          0          0   _printf_s.o
        82          0          0          0          0         80   _printf_str.o
        10          0          0          0          0         68   _sputc.o
        18          0          0          0          0         80   exit.o
         6          0          0          0          0        152   heapauxi.o
         0          0          0          0          0          0   indicate_semi.o
         2          0          0          0          0          0   libinit.o
         2          0          0          0          0          0   libinit2.o
         2          0          0          0          0          0   libshutdown.o
         2          0          0          0          0          0   libshutdown2.o
         8          4          0          0         96         68   libspace.o
        40          6          0          0          0         84   noretval__2sprintf.o
        78          0          0          0          0         80   rt_memclr_w.o
         2          0          0          0          0          0   rtexit.o
        10          0          0          0          0          0   rtexit2.o
       128          0          0          0          0         68   strcmpv7m.o
        62          0          0          0          0         76   strlen.o
        36          0          0          0          0         80   strstr.o
        12          4          0          0          0         68   sys_exit.o
        74          0          0          0          0         80   sys_stackheap_outer.o
         2          0          0          0          0         68   use_no_semi.o

    ----------------------------------------------------------------------
      1276         44          0          0         96       1588   Library Totals
        10          0          0          0          0          0   (incl. Padding)

    ----------------------------------------------------------------------

      Code (inc. data)   RO Data    RW Data    ZI Data      Debug   Library Name

      1266         44          0          0         96       1588   c_w.l

    ----------------------------------------------------------------------
      1276         44          0          0         96       1588   Library Totals

    ----------------------------------------------------------------------

==============================================================================


      Code (inc. data)   RO Data    RW Data    ZI Data      Debug   

     28116        786        744         32       2256     296187   Grand Totals
     28116        786        744         32       2256     296187   ELF Image Totals
     28116        786        744         32          0          0   ROM Totals

==============================================================================

    Total RO  Size (Code + RO Data)                28860 (  28.18kB)
    Total RW  Size (RW Data + ZI Data)              2288 (   2.23kB)
    Total ROM Size (Code + RO Data + RW Data)      28892 (  28.21kB)

==============================================================================

